<html>
<body>
<pre>
<h1>µVision Build Log</h1>
<h2>Project:</h2>
E:\ÏîÄ¿ÎÄµµ\Seraph\STM32 Project\SSP32\MDK\ssp32.uvproj
Project File Date:  04/28/2017

<h2>Output:</h2>
Build target 'Target 1'
compiling Com4004.c...
..\User\src\Com4004.c(161): warning:  #177-D: variable "fmt" was declared but never referenced
..\User\src\Com4004.c(161): warning:  #177-D: variable "img" was declared but never referenced
..\User\src\Com4004.c(161): warning:  #177-D: variable "thm" was declared but never referenced
..\User\src\Com4004.c(321): warning:  #223-D: function "strcmp" declared implicitly
linking...
Program Size: Code=7776 RO-data=336 RW-data=68 ZI-data=5292  
"..\OBJ\ssp32.axf" - 0 Errors, 4 Warning(s).
Build target 'Target 1'
compiling Com4004.c...
..\User\src\Com4004.c(161): warning:  #177-D: variable "fmt" was declared but never referenced
..\User\src\Com4004.c(161): warning:  #177-D: variable "img" was declared but never referenced
..\User\src\Com4004.c(161): warning:  #177-D: variable "thm" was declared but never referenced
..\User\src\Com4004.c(321): warning:  #223-D: function "strcmp" declared implicitly
..\User\src\Com4004.c(333): warning:  #223-D: function "prinft" declared implicitly
linking...
..\OBJ\ssp32.axf: Error: L6218E: Undefined symbol prinft (referred from com4004.o).
"..\OBJ\ssp32.axf" - 1 Errors, 5 Warning(s).
Target not created
Build target 'Target 1'
linking...
..\OBJ\ssp32.axf: Error: L6218E: Undefined symbol prinft (referred from com4004.o).
"..\OBJ\ssp32.axf" - 1 Errors, 0 Warning(s).
Target not created
Build target 'Target 1'
compiling Com4004.c...
..\User\src\Com4004.c(161): warning:  #177-D: variable "fmt" was declared but never referenced
..\User\src\Com4004.c(161): warning:  #177-D: variable "img" was declared but never referenced
..\User\src\Com4004.c(161): warning:  #177-D: variable "thm" was declared but never referenced
..\User\src\Com4004.c(321): warning:  #223-D: function "strcmp" declared implicitly
linking...
Program Size: Code=7776 RO-data=336 RW-data=68 ZI-data=5292  
"..\OBJ\ssp32.axf" - 0 Errors, 4 Warning(s).
Rebuild target 'Target 1'
compiling delay.c...
compiling key.c...
compiling led.c...
compiling main.c...
compiling stm32f10x_it.c...
compiling sys.c...
compiling usart.c...
..\User\src\usart.c(112): warning:  #1293-D: assignment in condition
compiling cJSON.c...
..\User\src\cJSON.c(56): warning:  #1293-D: assignment in condition
..\User\src\cJSON.c(221): warning:  #1293-D: assignment in condition
..\User\src\cJSON.c(338): warning:  #1293-D: assignment in condition
..\User\src\cJSON.c(428): warning:  #1293-D: assignment in condition
compiling malloc.c...
compiling Com4004.c...
..\User\src\Com4004.c(161): warning:  #177-D: variable "fmt" was declared but never referenced
..\User\src\Com4004.c(161): warning:  #177-D: variable "img" was declared but never referenced
..\User\src\Com4004.c(161): warning:  #177-D: variable "thm" was declared but never referenced
..\User\src\Com4004.c(321): warning:  #223-D: function "strcmp" declared implicitly
compiling timer.c...
compiling misc.c...
compiling stm32f10x_adc.c...
compiling stm32f10x_bkp.c...
compiling stm32f10x_can.c...
compiling stm32f10x_cec.c...
compiling stm32f10x_crc.c...
compiling stm32f10x_dac.c...
compiling stm32f10x_dbgmcu.c...
compiling stm32f10x_dma.c...
compiling stm32f10x_exti.c...
compiling stm32f10x_flash.c...
compiling stm32f10x_fsmc.c...
compiling stm32f10x_gpio.c...
compiling stm32f10x_i2c.c...
compiling stm32f10x_iwdg.c...
compiling stm32f10x_pwr.c...
compiling stm32f10x_rcc.c...
compiling stm32f10x_rtc.c...
compiling stm32f10x_sdio.c...
compiling stm32f10x_spi.c...
compiling stm32f10x_tim.c...
compiling stm32f10x_usart.c...
compiling stm32f10x_wwdg.c...
compiling core_cm3.c...
compiling system_stm32f10x.c...
assembling startup_stm32f10x_hd.s...
linking...
Program Size: Code=7776 RO-data=336 RW-data=68 ZI-data=5292  
"..\OBJ\ssp32.axf" - 0 Errors, 9 Warning(s).
