<html>
<body>
<pre>
<h1>µVision Build Log</h1>
<h2>Project:</h2>
D:\stm32\workplace\SSP32\MDK\ssp32.uvproj
Project File Date:  05/30/2017

<h2>Output:</h2>
Build target 'Target 1'
compiling sensors.c...
..\User\src\sensors.c(96): warning:  #223-D: function "test_gpio_config" declared implicitly
        test_gpio_config();
..\User\src\sensors.c: 1 warning, 0 errors
compiling sensors_timer.c...
compiling sensors_uart.c...
linking...
Program Size: Code=12296 RO-data=404 RW-data=88 ZI-data=6968  
"..\OBJ\ssp32.axf" - 0 Error(s), 1 Warning(s).
Load "..\\OBJ\\ssp32.axf" 
Set JLink Project File to "D:\stm32\workplace\SSP32\MDK\JLinkSettings.ini"
* JLink Info: Device "STM32F103ZE" selected (512 KB flash, 64 KB RAM).
 
JLink info:
------------
DLL: V4.80g, compiled Feb 13 2014 20:50:02
Firmware: J-Link ARM V8 compiled Nov 25 2013 19:20:08
Hardware: V8.00
S/N : 99991999 
Feature(s) : RDI,FlashDL,FlashBP,JFlash,GDBFULL 
 
* JLink Info: TotalIRLen = 9, IRPrint = 0x0011
* JLink Info: TotalIRLen = 9, IRPrint = 0x0011
* JLink Info: Found Cortex-M3 r1p1, Little endian.
* JLink Info: FPUnit: 6 code (BP) slots and 2 literal slots
* JLink Info: TPIU fitted.
* JLink Info: ETM fitted.
ROMTableAddr = 0xE00FF003
 
Target info:
------------
Device: STM32F103ZE
VTarget = 3.300V
State of Pins: 
TCK: 1, TDI: 0, TDO: 0, TMS: 0, TRES: 1, TRST: 1
Hardware-Breakpoints: 6
Software-Breakpoints: 8192
Watchpoints:          4
JTAG speed: 2000 kHz
 
Erase Done.
Programming Done.
Verify OK.
Application running ...
</pre>
</body>
</html>
