ARM Linker, 5.03 [Build 76] [MDK-ARM Lite]

==============================================================================

Section Cross References

    delay.o(i.delay_init) refers to misc.o(i.SysTick_CLKSourceConfig) for SysTick_CLKSourceConfig
    delay.o(i.delay_init) refers to system_stm32f10x.o(.data) for SystemCoreClock
    delay.o(i.delay_init) refers to delay.o(.data) for fac_us
    delay.o(i.delay_ms) refers to delay.o(.data) for fac_ms
    delay.o(i.delay_us) refers to delay.o(.data) for fac_us
    key.o(i.KEY_Init) refers to stm32f10x_rcc.o(i.RCC_APB2PeriphClockCmd) for RCC_APB2PeriphClockCmd
    key.o(i.KEY_Init) refers to stm32f10x_gpio.o(i.GPIO_PinRemapConfig) for GPIO_PinRemapConfig
    key.o(i.KEY_Init) refers to stm32f10x_gpio.o(i.GPIO_Init) for GPIO_Init
    key.o(i.KEY_Scan) refers to stm32f10x_gpio.o(i.GPIO_ReadInputDataBit) for GPIO_ReadInputDataBit
    key.o(i.KEY_Scan) refers to delay.o(i.delay_ms) for delay_ms
    key.o(i.KEY_Scan) refers to key.o(.data) for key_up
    led.o(i.LED_Init) refers to stm32f10x_rcc.o(i.RCC_APB2PeriphClockCmd) for RCC_APB2PeriphClockCmd
    led.o(i.LED_Init) refers to stm32f10x_gpio.o(i.GPIO_Init) for GPIO_Init
    led.o(i.LED_Init) refers to stm32f10x_gpio.o(i.GPIO_SetBits) for GPIO_SetBits
    main.o(i.Task100ms) refers to sensors.o(i.ADC1_value_filter) for ADC1_value_filter
    main.o(i.Task100ms) refers to main.o(i.test_gpio_pwm) for test_gpio_pwm
    main.o(i.Task100ms) refers to sensors_uart.o(i.CO2_usart3_send) for CO2_usart3_send
    main.o(i.Task100ms) refers to timer.o(.data) for SYSFlag1_
    main.o(i.Task1s) refers to stm32f10x_gpio.o(i.GPIO_ReadOutputDataBit) for GPIO_ReadOutputDataBit
    main.o(i.Task1s) refers to stm32f10x_gpio.o(i.GPIO_WriteBit) for GPIO_WriteBit
    main.o(i.Task1s) refers to sensors_uart.o(i.CO2_zero_config) for CO2_zero_config
    main.o(i.Task1s) refers to sensors_uart.o(i.CO2_atuo_config) for CO2_atuo_config
    main.o(i.Task1s) refers to sensors_uart.o(i.CO2_setr_config) for CO2_setr_config
    main.o(i.Task1s) refers to timer.o(.data) for SYSFlag1_
    main.o(i.Task2ms) refers to timer.o(.data) for SYSFlag1_
    main.o(i.Task2s) refers to timer.o(.data) for SYSFlag1_
    main.o(i.Task300ms) refers to timer.o(.data) for SYSFlag1_
    main.o(i.main) refers to timer.o(i.TIM2_Init) for TIM2_Init
    main.o(i.main) refers to delay.o(i.delay_init) for delay_init
    main.o(i.main) refers to sys.o(i.NVIC_Configuration) for NVIC_Configuration
    main.o(i.main) refers to usart.o(i.uart1_init) for uart1_init
    main.o(i.main) refers to usart.o(i.uart2_init) for uart2_init
    main.o(i.main) refers to led.o(i.LED_Init) for LED_Init
    main.o(i.main) refers to main.o(i.system_init) for system_init
    main.o(i.main) refers to printfa.o(i.__0printf) for __2printf
    main.o(i.main) refers to sensors.o(i.sensors_init_all) for sensors_init_all
    main.o(i.main) refers to main.o(i.Task2ms) for Task2ms
    main.o(i.main) refers to main.o(i.Task100ms) for Task100ms
    main.o(i.main) refers to main.o(i.Task1s) for Task1s
    main.o(i.test_gpio_config) refers to stm32f10x_rcc.o(i.RCC_APB2PeriphClockCmd) for RCC_APB2PeriphClockCmd
    main.o(i.test_gpio_config) refers to stm32f10x_gpio.o(i.GPIO_Init) for GPIO_Init
    main.o(i.test_gpio_config) refers to stm32f10x_gpio.o(i.GPIO_ResetBits) for GPIO_ResetBits
    main.o(i.test_gpio_pwm) refers to stm32f10x_gpio.o(i.GPIO_ResetBits) for GPIO_ResetBits
    main.o(i.test_gpio_pwm) refers to stm32f10x_gpio.o(i.GPIO_SetBits) for GPIO_SetBits
    main.o(i.test_gpio_pwm) refers to main.o(.data) for i
    sys.o(i.NVIC_Configuration) refers to misc.o(i.NVIC_PriorityGroupConfig) for NVIC_PriorityGroupConfig
    usart.o(i.MYDMA_Enable) refers to stm32f10x_dma.o(i.DMA_Cmd) for DMA_Cmd
    usart.o(i.MYDMA_Enable) refers to stm32f10x_dma.o(i.DMA_SetCurrDataCounter) for DMA_SetCurrDataCounter
    usart.o(i.USART1_IRQHandler) refers to stm32f10x_usart.o(i.USART_GetITStatus) for USART_GetITStatus
    usart.o(i.USART1_IRQHandler) refers to stm32f10x_usart.o(i.USART_ReceiveData) for USART_ReceiveData
    usart.o(i.USART1_IRQHandler) refers to stm32f10x_dma.o(i.DMA_GetCurrDataCounter) for DMA_GetCurrDataCounter
    usart.o(i.USART1_IRQHandler) refers to usart.o(i.get_sspbuf) for get_sspbuf
    usart.o(i.USART1_IRQHandler) refers to printfa.o(i.__0printf) for __2printf
    usart.o(i.USART1_IRQHandler) refers to usart.o(i.Usart2_Send) for Usart2_Send
    usart.o(i.USART1_IRQHandler) refers to stm32f10x_usart.o(i.USART_ClearITPendingBit) for USART_ClearITPendingBit
    usart.o(i.USART1_IRQHandler) refers to usart.o(i.MYDMA_Enable) for MYDMA_Enable
    usart.o(i.USART1_IRQHandler) refers to stm32f10x_usart.o(i.USART_ITConfig) for USART_ITConfig
    usart.o(i.USART1_IRQHandler) refers to usart.o(.data) for Usart1_Rec_Cnt
    usart.o(i.USART1_IRQHandler) refers to com4004.o(.data) for ssp_length
    usart.o(i.USART1_IRQHandler) refers to usart.o(.bss) for DMA_Rece_Buf
[...]
    Removing stm32f10x_sdio.o(i.SDIO_GetCommandResponse), (12 bytes).
    Removing stm32f10x_sdio.o(i.SDIO_GetDataCounter), (12 bytes).
    Removing stm32f10x_sdio.o(i.SDIO_GetFIFOCount), (12 bytes).
    Removing stm32f10x_sdio.o(i.SDIO_GetFlagStatus), (24 bytes).
    Removing stm32f10x_sdio.o(i.SDIO_GetITStatus), (24 bytes).
    Removing stm32f10x_sdio.o(i.SDIO_GetPowerState), (16 bytes).
    Removing stm32f10x_sdio.o(i.SDIO_GetResponse), (24 bytes).
    Removing stm32f10x_sdio.o(i.SDIO_ITConfig), (32 bytes).
    Removing stm32f10x_sdio.o(i.SDIO_Init), (48 bytes).
    Removing stm32f10x_sdio.o(i.SDIO_ReadData), (12 bytes).
    Removing stm32f10x_sdio.o(i.SDIO_SendCEATACmd), (12 bytes).
    Removing stm32f10x_sdio.o(i.SDIO_SendCommand), (44 bytes).
    Removing stm32f10x_sdio.o(i.SDIO_SendSDIOSuspendCmd), (12 bytes).
    Removing stm32f10x_sdio.o(i.SDIO_SetPowerState), (28 bytes).
    Removing stm32f10x_sdio.o(i.SDIO_SetSDIOOperation), (12 bytes).
    Removing stm32f10x_sdio.o(i.SDIO_SetSDIOReadWaitMode), (12 bytes).
    Removing stm32f10x_sdio.o(i.SDIO_StartSDIOReadWait), (12 bytes).
    Removing stm32f10x_sdio.o(i.SDIO_StopSDIOReadWait), (12 bytes).
    Removing stm32f10x_sdio.o(i.SDIO_StructInit), (16 bytes).
    Removing stm32f10x_sdio.o(i.SDIO_WriteData), (12 bytes).
    Removing stm32f10x_spi.o(i.I2S_Cmd), (24 bytes).
    Removing stm32f10x_spi.o(i.I2S_Init), (232 bytes).
    Removing stm32f10x_spi.o(i.I2S_StructInit), (20 bytes).
    Removing stm32f10x_spi.o(i.SPI_BiDirectionalLineConfig), (28 bytes).
    Removing stm32f10x_spi.o(i.SPI_CalculateCRC), (24 bytes).
    Removing stm32f10x_spi.o(i.SPI_Cmd), (24 bytes).
    Removing stm32f10x_spi.o(i.SPI_DataSizeConfig), (18 bytes).
    Removing stm32f10x_spi.o(i.SPI_GetCRC), (16 bytes).
    Removing stm32f10x_spi.o(i.SPI_GetCRCPolynomial), (6 bytes).
    Removing stm32f10x_spi.o(i.SPI_I2S_ClearFlag), (6 bytes).
    Removing stm32f10x_spi.o(i.SPI_I2S_ClearITPendingBit), (20 bytes).
    Removing stm32f10x_spi.o(i.SPI_I2S_DMACmd), (18 bytes).
    Removing stm32f10x_spi.o(i.SPI_I2S_DeInit), (88 bytes).
    Removing stm32f10x_spi.o(i.SPI_I2S_GetFlagStatus), (18 bytes).
    Removing stm32f10x_spi.o(i.SPI_I2S_GetITStatus), (52 bytes).
    Removing stm32f10x_spi.o(i.SPI_I2S_ITConfig), (32 bytes).
    Removing stm32f10x_spi.o(i.SPI_I2S_ReceiveData), (6 bytes).
    Removing stm32f10x_spi.o(i.SPI_I2S_SendData), (4 bytes).
    Removing stm32f10x_spi.o(i.SPI_Init), (60 bytes).
    Removing stm32f10x_spi.o(i.SPI_NSSInternalSoftwareConfig), (30 bytes).
    Removing stm32f10x_spi.o(i.SPI_SSOutputCmd), (24 bytes).
    Removing stm32f10x_spi.o(i.SPI_StructInit), (24 bytes).
    Removing stm32f10x_spi.o(i.SPI_TransmitCRC), (10 bytes).
    Removing stm32f10x_tim.o(i.TI3_Config), (144 bytes).
    Removing stm32f10x_tim.o(i.TI4_Config), (152 bytes).
    Removing stm32f10x_tim.o(i.TIM_ARRPreloadConfig), (24 bytes).
    Removing stm32f10x_tim.o(i.TIM_BDTRConfig), (32 bytes).
    Removing stm32f10x_tim.o(i.TIM_BDTRStructInit), (18 bytes).
    Removing stm32f10x_tim.o(i.TIM_CCPreloadControl), (24 bytes).
    Removing stm32f10x_tim.o(i.TIM_CCxCmd), (30 bytes).
    Removing stm32f10x_tim.o(i.TIM_CCxNCmd), (30 bytes).
    Removing stm32f10x_tim.o(i.TIM_ClearFlag), (6 bytes).
    Removing stm32f10x_tim.o(i.TIM_ClearOC1Ref), (18 bytes).
    Removing stm32f10x_tim.o(i.TIM_ClearOC2Ref), (24 bytes).
    Removing stm32f10x_tim.o(i.TIM_ClearOC3Ref), (18 bytes).
    Removing stm32f10x_tim.o(i.TIM_ClearOC4Ref), (24 bytes).
    Removing stm32f10x_tim.o(i.TIM_CounterModeConfig), (18 bytes).
    Removing stm32f10x_tim.o(i.TIM_CtrlPWMOutputs), (30 bytes).
    Removing stm32f10x_tim.o(i.TIM_DMACmd), (18 bytes).
    Removing stm32f10x_tim.o(i.TIM_DMAConfig), (10 bytes).
    Removing stm32f10x_tim.o(i.TIM_ETRClockMode1Config), (54 bytes).
    Removing stm32f10x_tim.o(i.TIM_ETRClockMode2Config), (32 bytes).
    Removing stm32f10x_tim.o(i.TIM_ETRConfig), (28 bytes).
    Removing stm32f10x_tim.o(i.TIM_EncoderInterfaceConfig), (66 bytes).
    Removing stm32f10x_tim.o(i.TIM_ForcedOC1Config), (18 bytes).
    Removing stm32f10x_tim.o(i.TIM_ForcedOC2Config), (26 bytes).
    Removing stm32f10x_tim.o(i.TIM_ForcedOC3Config), (18 bytes).
    Removing stm32f10x_tim.o(i.TIM_ForcedOC4Config), (26 bytes).
    Removing stm32f10x_tim.o(i.TIM_GenerateEvent), (4 bytes).
    Removing stm32f10x_tim.o(i.TIM_GetCapture3), (6 bytes).
    Removing stm32f10x_tim.o(i.TIM_GetCapture4), (8 bytes).
    Removing stm32f10x_tim.o(i.TIM_GetCounter), (6 bytes).
    Removing stm32f10x_tim.o(i.TIM_GetFlagStatus), (18 bytes).
    Removing stm32f10x_tim.o(i.TIM_GetPrescaler), (6 bytes).
    Removing stm32f10x_tim.o(i.TIM_ICInit), (172 bytes).
    Removing stm32f10x_tim.o(i.TIM_ICStructInit), (18 bytes).
    Removing stm32f10x_tim.o(i.TIM_ITRxExternalClockConfig), (24 bytes).
    Removing stm32f10x_tim.o(i.TIM_InternalClockConfig), (12 bytes).
    Removing stm32f10x_tim.o(i.TIM_OC1FastConfig), (18 bytes).
    Removing stm32f10x_tim.o(i.TIM_OC1Init), (152 bytes).
    Removing stm32f10x_tim.o(i.TIM_OC1NPolarityConfig), (18 bytes).
    Removing stm32f10x_tim.o(i.TIM_OC1PolarityConfig), (18 bytes).
    Removing stm32f10x_tim.o(i.TIM_OC1PreloadConfig), (18 bytes).
    Removing stm32f10x_tim.o(i.TIM_OC2FastConfig), (26 bytes).
    Removing stm32f10x_tim.o(i.TIM_OC2Init), (164 bytes).
    Removing stm32f10x_tim.o(i.TIM_OC2NPolarityConfig), (26 bytes).
    Removing stm32f10x_tim.o(i.TIM_OC2PolarityConfig), (26 bytes).
    Removing stm32f10x_tim.o(i.TIM_OC2PreloadConfig), (26 bytes).
    Removing stm32f10x_tim.o(i.TIM_OC3FastConfig), (18 bytes).
    Removing stm32f10x_tim.o(i.TIM_OC3Init), (160 bytes).
    Removing stm32f10x_tim.o(i.TIM_OC3NPolarityConfig), (26 bytes).
    Removing stm32f10x_tim.o(i.TIM_OC3PolarityConfig), (26 bytes).
    Removing stm32f10x_tim.o(i.TIM_OC3PreloadConfig), (18 bytes).
    Removing stm32f10x_tim.o(i.TIM_OC4FastConfig), (26 bytes).
    Removing stm32f10x_tim.o(i.TIM_OC4Init), (124 bytes).
    Removing stm32f10x_tim.o(i.TIM_OC4PolarityConfig), (26 bytes).
    Removing stm32f10x_tim.o(i.TIM_OC4PreloadConfig), (26 bytes).
    Removing stm32f10x_tim.o(i.TIM_OCStructInit), (20 bytes).
    Removing stm32f10x_tim.o(i.TIM_PrescalerConfig), (6 bytes).
    Removing stm32f10x_tim.o(i.TIM_SelectCCDMA), (24 bytes).
    Removing stm32f10x_tim.o(i.TIM_SelectCOM), (24 bytes).
    Removing stm32f10x_tim.o(i.TIM_SelectHallSensor), (24 bytes).
    Removing stm32f10x_tim.o(i.TIM_SelectOCxM), (82 bytes).
    Removing stm32f10x_tim.o(i.TIM_SelectOnePulseMode), (18 bytes).
    Removing stm32f10x_tim.o(i.TIM_SelectOutputTrigger), (18 bytes).
    Removing stm32f10x_tim.o(i.TIM_SetAutoreload), (4 bytes).
    Removing stm32f10x_tim.o(i.TIM_SetClockDivision), (18 bytes).
    Removing stm32f10x_tim.o(i.TIM_SetCompare1), (4 bytes).
    Removing stm32f10x_tim.o(i.TIM_SetCompare2), (4 bytes).
    Removing stm32f10x_tim.o(i.TIM_SetCompare3), (4 bytes).
    Removing stm32f10x_tim.o(i.TIM_SetCompare4), (6 bytes).
    Removing stm32f10x_tim.o(i.TIM_SetCounter), (4 bytes).
    Removing stm32f10x_tim.o(i.TIM_SetIC3Prescaler), (18 bytes).
    Removing stm32f10x_tim.o(i.TIM_SetIC4Prescaler), (26 bytes).
    Removing stm32f10x_tim.o(i.TIM_TIxExternalClockConfig), (62 bytes).
    Removing stm32f10x_tim.o(i.TIM_TimeBaseStructInit), (18 bytes).
    Removing stm32f10x_tim.o(i.TIM_UpdateDisableConfig), (24 bytes).
    Removing stm32f10x_tim.o(i.TIM_UpdateRequestConfig), (24 bytes).
    Removing stm32f10x_usart.o(i.USART_ClockInit), (34 bytes).
    Removing stm32f10x_usart.o(i.USART_ClockStructInit), (12 bytes).
    Removing stm32f10x_usart.o(i.USART_HalfDuplexCmd), (24 bytes).
    Removing stm32f10x_usart.o(i.USART_IrDACmd), (24 bytes).
    Removing stm32f10x_usart.o(i.USART_IrDAConfig), (18 bytes).
    Removing stm32f10x_usart.o(i.USART_LINBreakDetectLengthConfig), (18 bytes).
    Removing stm32f10x_usart.o(i.USART_LINCmd), (24 bytes).
    Removing stm32f10x_usart.o(i.USART_OneBitMethodCmd), (24 bytes).
    Removing stm32f10x_usart.o(i.USART_OverSampling8Cmd), (22 bytes).
    Removing stm32f10x_usart.o(i.USART_ReceiverWakeUpCmd), (24 bytes).
    Removing stm32f10x_usart.o(i.USART_SendBreak), (10 bytes).
    Removing stm32f10x_usart.o(i.USART_SetAddress), (18 bytes).
    Removing stm32f10x_usart.o(i.USART_SetGuardTime), (16 bytes).
    Removing stm32f10x_usart.o(i.USART_SetPrescaler), (16 bytes).
    Removing stm32f10x_usart.o(i.USART_SmartCardCmd), (24 bytes).
    Removing stm32f10x_usart.o(i.USART_SmartCardNACKCmd), (24 bytes).
    Removing stm32f10x_usart.o(i.USART_StructInit), (24 bytes).
    Removing stm32f10x_usart.o(i.USART_WakeUpConfig), (18 bytes).
    Removing stm32f10x_wwdg.o(i.WWDG_ClearFlag), (12 bytes).
    Removing stm32f10x_wwdg.o(i.WWDG_DeInit), (22 bytes).
    Removing stm32f10x_wwdg.o(i.WWDG_Enable), (16 bytes).
    Removing stm32f10x_wwdg.o(i.WWDG_EnableIT), (12 bytes).
    Removing stm32f10x_wwdg.o(i.WWDG_GetFlagStatus), (12 bytes).
    Removing stm32f10x_wwdg.o(i.WWDG_SetCounter), (16 bytes).
    Removing stm32f10x_wwdg.o(i.WWDG_SetPrescaler), (24 bytes).
    Removing stm32f10x_wwdg.o(i.WWDG_SetWindowValue), (40 bytes).
    Removing core_cm3.o(.emb_text), (32 bytes).
    Removing system_stm32f10x.o(i.SystemCoreClockUpdate), (164 bytes).
    Removing startup_stm32f10x_hd.o(HEAP), (3072 bytes).
    Removing dflti.o(.text), (34 bytes).
    Removing dfixi.o(.text), (62 bytes).
    Removing cdcmple.o(.text), (40 bytes).
    Removing dscalb.o(.text), (46 bytes).
    Removing dsqrt.o(.text), (162 bytes).

522 unused section(s) (total 47584 bytes) removed from the image.

==============================================================================

Image Symbol Table

    Local Symbols

    Symbol Name                              Value     Ov Type        Size  Object(Section)

    ../clib/microlib/ctype/tolower.c         0x00000000   Number         0  tolower.o ABSOLUTE
    ../clib/microlib/division.c              0x00000000   Number         0  uidiv.o ABSOLUTE
    ../clib/microlib/division.c              0x00000000   Number         0  uldiv.o ABSOLUTE
    ../clib/microlib/errno.c                 0x00000000   Number         0  errno.o ABSOLUTE
    ../clib/microlib/init/entry.s            0x00000000   Number         0  entry8a.o ABSOLUTE
    ../clib/microlib/init/entry.s            0x00000000   Number         0  entry7a.o ABSOLUTE
    ../clib/microlib/init/entry.s            0x00000000   Number         0  entry5.o ABSOLUTE
    ../clib/microlib/init/entry.s            0x00000000   Number         0  entry2.o ABSOLUTE
    ../clib/microlib/init/entry.s            0x00000000   Number         0  entry11b.o ABSOLUTE
    ../clib/microlib/init/entry.s            0x00000000   Number         0  entry11a.o ABSOLUTE
    ../clib/microlib/init/entry.s            0x00000000   Number         0  entry10b.o ABSOLUTE
    ../clib/microlib/init/entry.s            0x00000000   Number         0  entry10a.o ABSOLUTE
    ../clib/microlib/init/entry.s            0x00000000   Number         0  entry9b.o ABSOLUTE
    ../clib/microlib/init/entry.s            0x00000000   Number         0  entry9a.o ABSOLUTE
    ../clib/microlib/init/entry.s            0x00000000   Number         0  entry.o ABSOLUTE
    ../clib/microlib/init/entry.s            0x00000000   Number         0  entry8b.o ABSOLUTE
    ../clib/microlib/init/entry.s            0x00000000   Number         0  entry7b.o ABSOLUTE
    ../clib/microlib/longlong.c              0x00000000   Number         0  llushr.o ABSOLUTE
    ../clib/microlib/longlong.c              0x00000000   Number         0  llsshr.o ABSOLUTE
    ../clib/microlib/longlong.c              0x00000000   Number         0  llshl.o ABSOLUTE
    ../clib/microlib/malloc/malloc.c         0x00000000   Number         0  malloc.o ABSOLUTE
    ../clib/microlib/malloc/malloc.c         0x00000000   Number         0  mallocr.o ABSOLUTE
    ../clib/microlib/malloc/malloc.c         0x00000000   Number         0  malloca.o ABSOLUTE
    ../clib/microlib/malloc/malloc.c         0x00000000   Number         0  mallocra.o ABSOLUTE
    ../clib/microlib/malloc/mvars.c          0x00000000   Number         0  mvars.o ABSOLUTE
    ../clib/microlib/printf/printf.c         0x00000000   Number         0  printf4.o ABSOLUTE
    ../clib/microlib/printf/printf.c         0x00000000   Number         0  printf3.o ABSOLUTE
    ../clib/microlib/printf/printf.c         0x00000000   Number         0  printfb.o ABSOLUTE
    ../clib/microlib/printf/printf.c         0x00000000   Number         0  printf1.o ABSOLUTE
    ../clib/microlib/printf/printf.c         0x00000000   Number         0  printf0.o ABSOLUTE
    ../clib/microlib/printf/printf.c         0x00000000   Number         0  printfa.o ABSOLUTE
    ../clib/microlib/printf/printf.c         0x00000000   Number         0  printf2.o ABSOLUTE
    ../clib/microlib/printf/printf.c         0x00000000   Number         0  printf7.o ABSOLUTE
    ../clib/microlib/printf/printf.c         0x00000000   Number         0  printf8.o ABSOLUTE
    ../clib/microlib/printf/printf.c         0x00000000   Number         0  printf6.o ABSOLUTE
    ../clib/microlib/printf/printf.c         0x00000000   Number         0  printf5.o ABSOLUTE
    ../clib/microlib/printf/stubs.s          0x00000000   Number         0  stubs.o ABSOLUTE
    ../clib/microlib/stdio/fclose.c          0x00000000   Number         0  fclose.o ABSOLUTE
    ../clib/microlib/stdio/fgetc.c           0x00000000   Number         0  fgetc_ub.o ABSOLUTE
    ../clib/microlib/stdio/fgetc.c           0x00000000   Number         0  fgetc_b.o ABSOLUTE
    ../clib/microlib/stdio/fgetc.c           0x00000000   Number         0  fgetc_u.o ABSOLUTE
    ../clib/microlib/stdio/fgetc.c           0x00000000   Number         0  fgetc.o ABSOLUTE
    ../clib/microlib/stdio/fopen.c           0x00000000   Number         0  fopen.o ABSOLUTE
    ../clib/microlib/stdio/fread.c           0x00000000   Number         0  fread.o ABSOLUTE
    ../clib/microlib/stdio/fseek.c           0x00000000   Number         0  fseek.o ABSOLUTE
    ../clib/microlib/stdio/ftell.c           0x00000000   Number         0  ftell.o ABSOLUTE
    ../clib/microlib/stdio/semi.s            0x00000000   Number         0  semi.o ABSOLUTE
    ../clib/microlib/stdlib/rand.c           0x00000000   Number         0  rand.o ABSOLUTE
    ../clib/microlib/string/memcpy.c         0x00000000   Number         0  memcpyb.o ABSOLUTE
    ../clib/microlib/string/memcpy.c         0x00000000   Number         0  memcpya.o ABSOLUTE
    ../clib/microlib/string/memset.c         0x00000000   Number         0  memseta.o ABSOLUTE
    ../clib/microlib/string/strchr.c         0x00000000   Number         0  strchr.o ABSOLUTE
    ../clib/microlib/string/strcpy.c         0x00000000   Number         0  strcpy.o ABSOLUTE
    ../clib/microlib/string/strlen.c         0x00000000   Number         0  strlen.o ABSOLUTE
    ../clib/microlib/string/strncmp.c        0x00000000   Number         0  strncmp.o ABSOLUTE
    ../clib/microlib/stubs.s                 0x00000000   Number         0  useno.o ABSOLUTE
    ../clib/microlib/stubs.s                 0x00000000   Number         0  iusefp.o ABSOLUTE
    ../clib/microlib/stubs.s                 0x00000000   Number         0  iusesemig.o ABSOLUTE
    ../fplib/microlib/d2f.c                  0x00000000   Number         0  d2f.o ABSOLUTE
    ../fplib/microlib/f2d.c                  0x00000000   Number         0  f2d.o ABSOLUTE
    ../fplib/microlib/fpadd.c                0x00000000   Number         0  dadd.o ABSOLUTE
    ../fplib/microlib/fpdiv.c                0x00000000   Number         0  fdiv.o ABSOLUTE
    ../fplib/microlib/fpdiv.c                0x00000000   Number         0  ddiv.o ABSOLUTE
    ../fplib/microlib/fpepilogue.c           0x00000000   Number         0  fepilogue.o ABSOLUTE
    ../fplib/microlib/fpepilogue.c           0x00000000   Number         0  depilogue.o ABSOLUTE
    ../fplib/microlib/fpfix.c                0x00000000   Number         0  dfixi.o ABSOLUTE
    ../fplib/microlib/fpfix.c                0x00000000   Number         0  dfixul.o ABSOLUTE
    ../fplib/microlib/fpflt.c                0x00000000   Number         0  ffltui.o ABSOLUTE
    ../fplib/microlib/fpflt.c                0x00000000   Number         0  dflti.o ABSOLUTE
    ../fplib/microlib/fpflt.c                0x00000000   Number         0  dfltui.o ABSOLUTE
    ../fplib/microlib/fpmul.c                0x00000000   Number         0  dmul.o ABSOLUTE
    ../fplib/microlib/fpscalb.c              0x00000000   Number         0  dscalb.o ABSOLUTE
    ../fplib/microlib/fpsqrt.c               0x00000000   Number         0  dsqrt.o ABSOLUTE
    ../mathlib/dunder.c                      0x00000000   Number         0  dunder.o ABSOLUTE
    ../mathlib/floor.c                       0x00000000   Number         0  floor.o ABSOLUTE
    ../mathlib/fpclassify.c                  0x00000000   Number         0  fpclassify.o ABSOLUTE
    ../mathlib/poly.c                        0x00000000   Number         0  poly.o ABSOLUTE
    ../mathlib/pow.c                         0x00000000   Number         0  pow.o ABSOLUTE
    ../mathlib/pow.c                         0x00000000   Number         0  pow_x.o ABSOLUTE
    ../mathlib/qnan.c                        0x00000000   Number         0  qnan.o ABSOLUTE
    ../mathlib/sqrt.c                        0x00000000   Number         0  sqrt.o ABSOLUTE
    ../mathlib/sqrt.c                        0x00000000   Number         0  sqrt_x.o ABSOLUTE
    ..\Lib\cmsis\core_cm3.c                  0x00000000   Number         0  core_cm3.o ABSOLUTE
    ..\Lib\cmsis\system_stm32f10x.c          0x00000000   Number         0  system_stm32f10x.o ABSOLUTE
    ..\Lib\src\misc.c                        0x00000000   Number         0  misc.o ABSOLUTE
    ..\Lib\src\stm32f10x_adc.c               0x00000000   Number         0  stm32f10x_adc.o ABSOLUTE
    ..\Lib\src\stm32f10x_bkp.c               0x00000000   Number         0  stm32f10x_bkp.o ABSOLUTE
    ..\Lib\src\stm32f10x_can.c               0x00000000   Number         0  stm32f10x_can.o ABSOLUTE
    ..\Lib\src\stm32f10x_cec.c               0x00000000   Number         0  stm32f10x_cec.o ABSOLUTE
    ..\Lib\src\stm32f10x_crc.c               0x00000000   Number         0  stm32f10x_crc.o ABSOLUTE
    ..\Lib\src\stm32f10x_dac.c               0x00000000   Number         0  stm32f10x_dac.o ABSOLUTE
    ..\Lib\src\stm32f10x_dbgmcu.c            0x00000000   Number         0  stm32f10x_dbgmcu.o ABSOLUTE
    ..\Lib\src\stm32f10x_dma.c               0x00000000   Number         0  stm32f10x_dma.o ABSOLUTE
    ..\Lib\src\stm32f10x_exti.c              0x00000000   Number         0  stm32f10x_exti.o ABSOLUTE
    ..\Lib\src\stm32f10x_flash.c             0x00000000   Number         0  stm32f10x_flash.o ABSOLUTE
    ..\Lib\src\stm32f10x_fsmc.c              0x00000000   Number         0  stm32f10x_fsmc.o ABSOLUTE
    ..\Lib\src\stm32f10x_gpio.c              0x00000000   Number         0  stm32f10x_gpio.o ABSOLUTE
    ..\Lib\src\stm32f10x_i2c.c               0x00000000   Number         0  stm32f10x_i2c.o ABSOLUTE
    ..\Lib\src\stm32f10x_iwdg.c              0x00000000   Number         0  stm32f10x_iwdg.o ABSOLUTE
    ..\Lib\src\stm32f10x_pwr.c               0x00000000   Number         0  stm32f10x_pwr.o ABSOLUTE
    ..\Lib\src\stm32f10x_rcc.c               0x00000000   Number         0  stm32f10x_rcc.o ABSOLUTE
    ..\Lib\src\stm32f10x_rtc.c               0x00000000   Number         0  stm32f10x_rtc.o ABSOLUTE
    ..\Lib\src\stm32f10x_sdio.c              0x00000000   Number         0  stm32f10x_sdio.o ABSOLUTE
    ..\Lib\src\stm32f10x_spi.c               0x00000000   Number         0  stm32f10x_spi.o ABSOLUTE
    ..\Lib\src\stm32f10x_tim.c               0x00000000   Number         0  stm32f10x_tim.o ABSOLUTE
    ..\Lib\src\stm32f10x_usart.c             0x00000000   Number         0  stm32f10x_usart.o ABSOLUTE
    ..\Lib\src\stm32f10x_wwdg.c              0x00000000   Number         0  stm32f10x_wwdg.o ABSOLUTE
    ..\Lib\startup\arm\startup_stm32f10x_hd.s 0x00000000   Number         0  startup_stm32f10x_hd.o ABSOLUTE
    ..\User\src\Com4004.c                    0x00000000   Number         0  com4004.o ABSOLUTE
    ..\User\src\cJSON.c                      0x00000000   Number         0  cjson.o ABSOLUTE
    ..\User\src\delay.c                      0x00000000   Number         0  delay.o ABSOLUTE
    ..\User\src\key.c                        0x00000000   Number         0  key.o ABSOLUTE
    ..\User\src\led.c                        0x00000000   Number         0  led.o ABSOLUTE
    ..\User\src\main.c                       0x00000000   Number         0  main.o ABSOLUTE
    ..\User\src\malloc.c                     0x00000000   Number         0  malloc.o ABSOLUTE
    ..\User\src\sensors.c                    0x00000000   Number         0  sensors.o ABSOLUTE
    ..\User\src\sensors_adc.c                0x00000000   Number         0  sensors_adc.o ABSOLUTE
    ..\User\src\sensors_timer.c              0x00000000   Number         0  sensors_timer.o ABSOLUTE
    ..\User\src\sensors_uart.c               0x00000000   Number         0  sensors_uart.o ABSOLUTE
    ..\User\src\stm32f10x_it.c               0x00000000   Number         0  stm32f10x_it.o ABSOLUTE
    ..\User\src\sys.c                        0x00000000   Number         0  sys.o ABSOLUTE
    ..\User\src\timer.c                      0x00000000   Number         0  timer.o ABSOLUTE
    ..\User\src\usart.c                      0x00000000   Number         0  usart.o ABSOLUTE
    ..\\Lib\\cmsis\\core_cm3.c               0x00000000   Number         0  core_cm3.o ABSOLUTE
    cdcmple.s                                0x00000000   Number         0  cdcmple.o ABSOLUTE
    cdrcmple.s                               0x00000000   Number         0  cdrcmple.o ABSOLUTE
    dc.s                                     0x00000000   Number         0  dc.o ABSOLUTE
    handlers.s                               0x00000000   Number         0  handlers.o ABSOLUTE
    init.s                                   0x00000000   Number         0  init.o ABSOLUTE
    RESET                                    0x08000000   Section      304  startup_stm32f10x_hd.o(RESET)
    .ARM.Collect$$$$00000000                 0x08000130   Section        0  entry.o(.ARM.Collect$$$$00000000)
    .ARM.Collect$$$$00000001                 0x08000130   Section        4  entry2.o(.ARM.Collect$$$$00000001)
    .ARM.Collect$$$$00000004                 0x08000134   Section        4  entry5.o(.ARM.Collect$$$$00000004)
    .ARM.Collect$$$$00000008                 0x08000138   Section        0  entry7b.o(.ARM.Collect$$$$00000008)
    .ARM.Collect$$$$0000000A                 0x08000138   Section        0  entry8b.o(.ARM.Collect$$$$0000000A)
    .ARM.Collect$$$$0000000B                 0x08000138   Section        8  entry9a.o(.ARM.Collect$$$$0000000B)
    .ARM.Collect$$$$0000000D                 0x08000140   Section        0  entry10a.o(.ARM.Collect$$$$0000000D)
    .ARM.Collect$$$$0000000F                 0x08000140   Section        0  entry11a.o(.ARM.Collect$$$$0000000F)
    .ARM.Collect$$$$00002712                 0x08000140   Section        4  entry2.o(.ARM.Collect$$$$00002712)
    __lit__00000000                          0x08000140   Data           4  entry2.o(.ARM.Collect$$$$00002712)
    .text                                    0x08000144   Section       36  startup_stm32f10x_hd.o(.text)
    .text                                    0x08000168   Section        0  fdiv.o(.text)
    .text                                    0x080001e8   Section        0  dadd.o(.text)
    .text                                    0x08000336   Section        0  dmul.o(.text)
    .text                                    0x0800041a   Section        0  ddiv.o(.text)
    .text                                    0x080004f8   Section        0  ffltui.o(.text)
    .text                                    0x08000502   Section        0  dfltui.o(.text)
    .text                                    0x0800051c   Section        0  f2d.o(.text)
    .text                                    0x08000544   Section       40  cdrcmple.o(.text)
    .text                                    0x0800056c   Section        0  d2f.o(.text)
    .text                                    0x080005a4   Section        0  uidiv.o(.text)
    .text                                    0x080005d0   Section        0  uldiv.o(.text)
    .text                                    0x08000632   Section        0  llshl.o(.text)
    .text                                    0x08000650   Section        0  llushr.o(.text)
    .text                                    0x08000670   Section        0  llsshr.o(.text)
    .text                                    0x08000694   Section        0  fepilogue.o(.text)
    .text                                    0x08000694   Section        0  iusefp.o(.text)
    .text                                    0x08000700   Section        0  depilogue.o(.text)
    .text                                    0x080007be   Section        0  dfixul.o(.text)
    .text                                    0x080007f0   Section       36  init.o(.text)
    i.ADC1_DMA1_Config                       0x08000814   Section        0  sensors_adc.o(i.ADC1_DMA1_Config)
    i.ADC1_GPIO_Config                       0x08000864   Section        0  sensors_adc.o(i.ADC1_GPIO_Config)
    i.ADC1_Init_All                          0x080008ac   Section        0  sensors_adc.o(i.ADC1_Init_All)
    i.ADC1_Mode_Config                       0x080008d4   Section        0  sensors_adc.o(i.ADC1_Mode_Config)
    i.ADC1_value_filter                      0x0800096c   Section        0  sensors.o(i.ADC1_value_filter)
    i.ADC_Cmd                                0x08000bc8   Section        0  stm32f10x_adc.o(i.ADC_Cmd)
    i.ADC_DMACmd                             0x08000bde   Section        0  stm32f10x_adc.o(i.ADC_DMACmd)
    i.ADC_DeInit                             0x08000bf4   Section        0  stm32f10x_adc.o(i.ADC_DeInit)
    i.ADC_GetCalibrationStatus               0x08000c50   Section        0  stm32f10x_adc.o(i.ADC_GetCalibrationStatus)
    i.ADC_GetResetCalibrationStatus          0x08000c64   Section        0  stm32f10x_adc.o(i.ADC_GetResetCalibrationStatus)
    i.ADC_Init                               0x08000c78   Section        0  stm32f10x_adc.o(i.ADC_Init)
    i.ADC_RegularChannelConfig               0x08000cc8   Section        0  stm32f10x_adc.o(i.ADC_RegularChannelConfig)
    i.ADC_ResetCalibration                   0x08000d80   Section        0  stm32f10x_adc.o(i.ADC_ResetCalibration)
    i.ADC_SoftwareStartConvCmd               0x08000d8a   Section        0  stm32f10x_adc.o(i.ADC_SoftwareStartConvCmd)
    i.ADC_StartCalibration                   0x08000da0   Section        0  stm32f10x_adc.o(i.ADC_StartCalibration)
    i.BusFault_Handler                       0x08000daa   Section        0  stm32f10x_it.o(i.BusFault_Handler)
    i.CO2_NVIC_config                        0x08000dae   Section        0  sensors_uart.o(i.CO2_NVIC_config)
    i.CO2_RCC_config                         0x08000dd0   Section        0  sensors_uart.o(i.CO2_RCC_config)
    i.CO2_atuo_config                        0x08000de4   Section        0  sensors_uart.o(i.CO2_atuo_config)
    i.CO2_gpio_config                        0x08000dfc   Section        0  sensors_uart.o(i.CO2_gpio_config)
    i.CO2_setr_config                        0x08000e38   Section        0  sensors_uart.o(i.CO2_setr_config)
    i.CO2_usart3_checkSum                    0x08000e4c   Section        0  sensors_uart.o(i.CO2_usart3_checkSum)
    i.CO2_usart3_cmd                         0x08000e6c   Section        0  sensors_uart.o(i.CO2_usart3_cmd)
    i.CO2_usart3_config                      0x08000f00   Section        0  sensors_uart.o(i.CO2_usart3_config)
    i.CO2_usart3_init                        0x08000f48   Section        0  sensors_uart.o(i.CO2_usart3_init)
    i.CO2_usart3_send                        0x08000f6c   Section        0  sensors_uart.o(i.CO2_usart3_send)
    i.CO2_zero_config                        0x08001010   Section        0  sensors_uart.o(i.CO2_zero_config)
    i.DMA_Cmd                                0x0800101c   Section        0  stm32f10x_dma.o(i.DMA_Cmd)
    i.DMA_DeInit                             0x08001034   Section        0  stm32f10x_dma.o(i.DMA_DeInit)
    i.DMA_GetCurrDataCounter                 0x08001180   Section        0  stm32f10x_dma.o(i.DMA_GetCurrDataCounter)
    i.DMA_Init                               0x08001188   Section        0  stm32f10x_dma.o(i.DMA_Init)
    i.DMA_SetCurrDataCounter                 0x080011c4   Section        0  stm32f10x_dma.o(i.DMA_SetCurrDataCounter)
    i.DebugMon_Handler                       0x080011c8   Section        0  stm32f10x_it.o(i.DebugMon_Handler)
    i.GP2Y1023_NVIC_config                   0x080011ca   Section        0  sensors_timer.o(i.GP2Y1023_NVIC_config)
    i.GP2Y1023_gpio_config                   0x080011ec   Section        0  sensors_timer.o(i.GP2Y1023_gpio_config)
    i.GP2Y1023_pwm_init                      0x08001218   Section        0  sensors_timer.o(i.GP2Y1023_pwm_init)
    i.GP2Y1023_timer_config                  0x08001258   Section        0  sensors_timer.o(i.GP2Y1023_timer_config)
    i.GPIO_Init                              0x080012e4   Section        0  stm32f10x_gpio.o(i.GPIO_Init)
    i.GPIO_ReadOutputDataBit                 0x080013f6   Section        0  stm32f10x_gpio.o(i.GPIO_ReadOutputDataBit)
    i.GPIO_ResetBits                         0x08001408   Section        0  stm32f10x_gpio.o(i.GPIO_ResetBits)
    i.GPIO_SetBits                           0x0800140c   Section        0  stm32f10x_gpio.o(i.GPIO_SetBits)
    i.GPIO_WriteBit                          0x08001410   Section        0  stm32f10x_gpio.o(i.GPIO_WriteBit)
    i.HardFault_Handler                      0x0800141a   Section        0  stm32f10x_it.o(i.HardFault_Handler)
    i.LED_Init                               0x08001420   Section        0  led.o(i.LED_Init)
    i.MYDMA_Enable                           0x080014a4   Section        0  usart.o(i.MYDMA_Enable)
    i.MemManage_Handler                      0x080014c4   Section        0  stm32f10x_it.o(i.MemManage_Handler)
    i.NMI_Handler                            0x080014c8   Section        0  stm32f10x_it.o(i.NMI_Handler)
    i.NVIC_Configuration                     0x080014ca   Section        0  sys.o(i.NVIC_Configuration)
    i.NVIC_Init                              0x080014d8   Section        0  misc.o(i.NVIC_Init)
    i.NVIC_PriorityGroupConfig               0x0800154c   Section        0  misc.o(i.NVIC_PriorityGroupConfig)
    i.PendSV_Handler                         0x08001560   Section        0  stm32f10x_it.o(i.PendSV_Handler)
    i.RCC_ADCCLKConfig                       0x08001564   Section        0  stm32f10x_rcc.o(i.RCC_ADCCLKConfig)
    i.RCC_AHBPeriphClockCmd                  0x0800157c   Section        0  stm32f10x_rcc.o(i.RCC_AHBPeriphClockCmd)
    i.RCC_APB1PeriphClockCmd                 0x0800159c   Section        0  stm32f10x_rcc.o(i.RCC_APB1PeriphClockCmd)
    i.RCC_APB1PeriphResetCmd                 0x080015bc   Section        0  stm32f10x_rcc.o(i.RCC_APB1PeriphResetCmd)
    i.RCC_APB2PeriphClockCmd                 0x080015dc   Section        0  stm32f10x_rcc.o(i.RCC_APB2PeriphClockCmd)
    i.RCC_APB2PeriphResetCmd                 0x080015fc   Section        0  stm32f10x_rcc.o(i.RCC_APB2PeriphResetCmd)
    i.RCC_GetClocksFreq                      0x0800161c   Section        0  stm32f10x_rcc.o(i.RCC_GetClocksFreq)
    i.SVC_Handler                            0x080016f0   Section        0  stm32f10x_it.o(i.SVC_Handler)
    i.SetSysClock                            0x080016f2   Section        0  system_stm32f10x.o(i.SetSysClock)
    SetSysClock                              0x080016f3   Thumb Code     8  system_stm32f10x.o(i.SetSysClock)
    i.SetSysClockTo72                        0x080016fc   Section        0  system_stm32f10x.o(i.SetSysClockTo72)
    SetSysClockTo72                          0x080016fd   Thumb Code   212  system_stm32f10x.o(i.SetSysClockTo72)
    i.SysTick_CLKSourceConfig                0x080017d8   Section        0  misc.o(i.SysTick_CLKSourceConfig)
    i.SysTick_Handler                        0x08001800   Section        0  stm32f10x_it.o(i.SysTick_Handler)
    i.SystemInit                             0x08001804   Section        0  system_stm32f10x.o(i.SystemInit)
    i.TI1_Config                             0x08001864   Section        0  stm32f10x_tim.o(i.TI1_Config)
    TI1_Config                               0x08001865   Thumb Code   108  stm32f10x_tim.o(i.TI1_Config)
    i.TI2_Config                             0x080018e4   Section        0  stm32f10x_tim.o(i.TI2_Config)
    TI2_Config                               0x080018e5   Thumb Code   130  stm32f10x_tim.o(i.TI2_Config)
    i.TIM2_IRQHandler                        0x0800197c   Section        0  timer.o(i.TIM2_IRQHandler)
    i.TIM2_Init                              0x08001a40   Section        0  timer.o(i.TIM2_Init)
    i.TIM3_IRQHandler                        0x08001aa4   Section        0  sensors_timer.o(i.TIM3_IRQHandler)
    i.TIM_ClearITPendingBit                  0x08001b08   Section        0  stm32f10x_tim.o(i.TIM_ClearITPendingBit)
    i.TIM_Cmd                                0x08001b0e   Section        0  stm32f10x_tim.o(i.TIM_Cmd)
    i.TIM_DeInit                             0x08001b28   Section        0  stm32f10x_tim.o(i.TIM_DeInit)
    i.TIM_GetCapture1                        0x08001d10   Section        0  stm32f10x_tim.o(i.TIM_GetCapture1)
    i.TIM_GetCapture2                        0x08001d16   Section        0  stm32f10x_tim.o(i.TIM_GetCapture2)
    i.TIM_GetITStatus                        0x08001d1c   Section        0  stm32f10x_tim.o(i.TIM_GetITStatus)
    i.TIM_ITConfig                           0x08001d3e   Section        0  stm32f10x_tim.o(i.TIM_ITConfig)
    i.TIM_PWMIConfig                         0x08001d50   Section        0  stm32f10x_tim.o(i.TIM_PWMIConfig)
    i.TIM_SelectInputTrigger                 0x08001dcc   Section        0  stm32f10x_tim.o(i.TIM_SelectInputTrigger)
    i.TIM_SelectMasterSlaveMode              0x08001dde   Section        0  stm32f10x_tim.o(i.TIM_SelectMasterSlaveMode)
    i.TIM_SelectSlaveMode                    0x08001df0   Section        0  stm32f10x_tim.o(i.TIM_SelectSlaveMode)
    i.TIM_SetIC1Prescaler                    0x08001e02   Section        0  stm32f10x_tim.o(i.TIM_SetIC1Prescaler)
    i.TIM_SetIC2Prescaler                    0x08001e14   Section        0  stm32f10x_tim.o(i.TIM_SetIC2Prescaler)
    i.TIM_TimeBaseInit                       0x08001e30   Section        0  stm32f10x_tim.o(i.TIM_TimeBaseInit)
    i.Task100ms                              0x08001ed4   Section        0  main.o(i.Task100ms)
    i.Task1s                                 0x08001f00   Section        0  main.o(i.Task1s)
    i.Task2ms                                0x08001f58   Section        0  main.o(i.Task2ms)
    i.USART1_IRQHandler                      0x08001f74   Section        0  usart.o(i.USART1_IRQHandler)
    i.USART2_IRQHandler                      0x080020a4   Section        0  usart.o(i.USART2_IRQHandler)
    i.USART3_IRQHandler                      0x080020dc   Section        0  sensors_uart.o(i.USART3_IRQHandler)
    i.USART_ClearFlag                        0x080021a4   Section        0  stm32f10x_usart.o(i.USART_ClearFlag)
    i.USART_ClearITPendingBit                0x080021b6   Section        0  stm32f10x_usart.o(i.USART_ClearITPendingBit)
    i.USART_Cmd                              0x080021d4   Section        0  stm32f10x_usart.o(i.USART_Cmd)
    i.USART_DMACmd                           0x080021ec   Section        0  stm32f10x_usart.o(i.USART_DMACmd)
    i.USART_DeInit                           0x08002200   Section        0  stm32f10x_usart.o(i.USART_DeInit)
    i.USART_GetFlagStatus                    0x0800229c   Section        0  stm32f10x_usart.o(i.USART_GetFlagStatus)
    i.USART_GetITStatus                      0x080022b6   Section        0  stm32f10x_usart.o(i.USART_GetITStatus)
    i.USART_ITConfig                         0x0800230a   Section        0  stm32f10x_usart.o(i.USART_ITConfig)
    i.USART_Init                             0x08002354   Section        0  stm32f10x_usart.o(i.USART_Init)
    i.USART_ReceiveData                      0x0800242c   Section        0  stm32f10x_usart.o(i.USART_ReceiveData)
    i.USART_SendData                         0x08002436   Section        0  stm32f10x_usart.o(i.USART_SendData)
    i.UsageFault_Handler                     0x0800243e   Section        0  stm32f10x_it.o(i.UsageFault_Handler)
    i.Usart2_Send                            0x08002444   Section        0  usart.o(i.Usart2_Send)
    i.__0printf                              0x08002480   Section        0  printfa.o(i.__0printf)
    i.__scatterload_copy                     0x080024a0   Section       14  handlers.o(i.__scatterload_copy)
    i.__scatterload_null                     0x080024ae   Section        2  handlers.o(i.__scatterload_null)
    i.__scatterload_zeroinit                 0x080024b0   Section       14  handlers.o(i.__scatterload_zeroinit)
    i._fp_digits                             0x080024c0   Section        0  printfa.o(i._fp_digits)
    _fp_digits                               0x080024c1   Thumb Code   326  printfa.o(i._fp_digits)
    i._printf_core                           0x0800261c   Section        0  printfa.o(i._printf_core)
    _printf_core                             0x0800261d   Thumb Code  1762  printfa.o(i._printf_core)
    i._printf_post_padding                   0x08002d0c   Section        0  printfa.o(i._printf_post_padding)
    _printf_post_padding                     0x08002d0d   Thumb Code    38  printfa.o(i._printf_post_padding)
    i._printf_pre_padding                    0x08002d32   Section        0  printfa.o(i._printf_pre_padding)
    _printf_pre_padding                      0x08002d33   Thumb Code    48  printfa.o(i._printf_pre_padding)
    i.delay_init                             0x08002d64   Section        0  delay.o(i.delay_init)
    i.fputc                                  0x08002da8   Section        0  usart.o(i.fputc)
    i.get_sspbuf                             0x08002dc4   Section        0  usart.o(i.get_sspbuf)
    i.main                                   0x08002e20   Section        0  main.o(i.main)
    i.mymemset                               0x08002e80   Section        0  malloc.o(i.mymemset)
    i.sensors_init_all                       0x08002e94   Section        0  sensors.o(i.sensors_init_all)
    i.system_init                            0x08002f18   Section        0  main.o(i.system_init)
    i.test_gpio_config                       0x08002f1c   Section        0  main.o(i.test_gpio_config)
    i.test_gpio_pwm                          0x08002f50   Section        0  main.o(i.test_gpio_pwm)
    i.uart1_init                             0x08002f80   Section        0  usart.o(i.uart1_init)
    i.uart2_init                             0x08003098   Section        0  usart.o(i.uart2_init)
    .constdata                               0x08003138   Section       65  sensors_timer.o(.constdata)
    .data                                    0x20000000   Section        4  delay.o(.data)
    fac_us                                   0x20000000   Data           1  delay.o(.data)
    fac_ms                                   0x20000002   Data           2  delay.o(.data)
    .data                                    0x20000004   Section        4  main.o(.data)
    i                                        0x20000004   Data           4  main.o(.data)
    .data                                    0x20000008   Section       16  usart.o(.data)
    .data                                    0x20000018   Section        4  com4004.o(.data)
    .data                                    0x2000001c   Section       10  timer.o(.data)
    .data                                    0x20000026   Section        6  sensors_adc.o(.data)
    .data                                    0x2000002c   Section        4  sensors.o(.data)
    filterFlag                               0x2000002c   Data           4  sensors.o(.data)
    .data                                    0x20000030   Section       20  stm32f10x_rcc.o(.data)
    APBAHBPrescTable                         0x20000030   Data          16  stm32f10x_rcc.o(.data)
    ADCPrescTable                            0x20000040   Data           4  stm32f10x_rcc.o(.data)
    .data                                    0x20000044   Section       20  system_stm32f10x.o(.data)
    .bss                                     0x20000058   Section     3072  usart.o(.bss)
    .bss                                     0x20000c58   Section     2738  com4004.o(.bss)
    .bss                                     0x2000170c   Section       72  sensors.o(.bss)
    filterData                               0x2000170c   Data          36  sensors.o(.bss)
    .bss                                     0x20001754   Section       16  sensors_timer.o(.bss)
    .bss                                     0x20001764   Section       42  sensors_uart.o(.bss)
    STACK                                    0x20001790   Section     1024  startup_stm32f10x_hd.o(STACK)

    Global Symbols

    Symbol Name                              Value     Ov Type        Size  Object(Section)

    BuildAttributes$$THM_ISAv4$P$D$K$B$S$PE$A:L22UL41UL21$X:L11$S22US41US21$IEEE1$IW$USESV6$~STKCKD$USESV7$~SHL$OTIME$ROPI$IEEEX$EBA8$MICROLIB$REQ8$PRES8$EABIv2 0x00000000   Number         0  anon$$obj.o ABSOLUTE
    __ARM_use_no_argv                        0x00000000   Number         0  main.o ABSOLUTE
    __use_no_errno                           0x00000000   Number         0  useno.o ABSOLUTE
    __use_no_exception_handling              0x00000000   Number         0  useno.o ABSOLUTE
    __use_no_fp                              0x00000000   Number         0  useno.o ABSOLUTE
    __use_no_heap                            0x00000000   Number         0  useno.o ABSOLUTE
    __use_no_heap_region                     0x00000000   Number         0  useno.o ABSOLUTE
    __use_no_semihosting                     0x00000000   Number         0  useno.o ABSOLUTE
    __use_no_semihosting_swi                 0x00000000   Number         0  useno.o ABSOLUTE
    __use_no_signal_handling                 0x00000000   Number         0  useno.o ABSOLUTE
    _printf_a                                0x00000000   Number         0  stubs.o ABSOLUTE
    _printf_c                                0x00000000   Number         0  stubs.o ABSOLUTE
    _printf_charcount                        0x00000000   Number         0  stubs.o ABSOLUTE
    _printf_d                                0x00000000   Number         0  stubs.o ABSOLUTE
    _printf_e                                0x00000000   Number         0  stubs.o ABSOLUTE
    _printf_f                                0x00000000   Number         0  stubs.o ABSOLUTE
    _printf_flags                            0x00000000   Number         0  stubs.o ABSOLUTE
    _printf_fp_dec                           0x00000000   Number         0  stubs.o ABSOLUTE
    _printf_fp_hex                           0x00000000   Number         0  stubs.o ABSOLUTE
    _printf_g                                0x00000000   Number         0  stubs.o ABSOLUTE
    _printf_i                                0x00000000   Number         0  stubs.o ABSOLUTE
    _printf_int_dec                          0x00000000   Number         0  stubs.o ABSOLUTE
    _printf_l                                0x00000000   Number         0  stubs.o ABSOLUTE
    _printf_lc                               0x00000000   Number         0  stubs.o ABSOLUTE
    _printf_ll                               0x00000000   Number         0  stubs.o ABSOLUTE
    _printf_lld                              0x00000000   Number         0  stubs.o ABSOLUTE
    _printf_lli                              0x00000000   Number         0  stubs.o ABSOLUTE
    _printf_llo                              0x00000000   Number         0  stubs.o ABSOLUTE
    _printf_llu                              0x00000000   Number         0  stubs.o ABSOLUTE
    _printf_llx                              0x00000000   Number         0  stubs.o ABSOLUTE
    _printf_longlong_dec                     0x00000000   Number         0  stubs.o ABSOLUTE
    _printf_longlong_hex                     0x00000000   Number         0  stubs.o ABSOLUTE
    _printf_longlong_oct                     0x00000000   Number         0  stubs.o ABSOLUTE
    _printf_ls                               0x00000000   Number         0  stubs.o ABSOLUTE
    _printf_mbtowc                           0x00000000   Number         0  stubs.o ABSOLUTE
    _printf_n                                0x00000000   Number         0  stubs.o ABSOLUTE
    _printf_o                                0x00000000   Number         0  stubs.o ABSOLUTE
    _printf_p                                0x00000000   Number         0  stubs.o ABSOLUTE
    _printf_percent                          0x00000000   Number         0  stubs.o ABSOLUTE
    _printf_pre_padding                      0x00000000   Number         0  stubs.o ABSOLUTE
    _printf_return_value                     0x00000000   Number         0  stubs.o ABSOLUTE
    _printf_s                                0x00000000   Number         0  stubs.o ABSOLUTE
    _printf_sizespec                         0x00000000   Number         0  stubs.o ABSOLUTE
    _printf_str                              0x00000000   Number         0  stubs.o ABSOLUTE
    _printf_truncate_signed                  0x00000000   Number         0  stubs.o ABSOLUTE
    _printf_truncate_unsigned                0x00000000   Number         0  stubs.o ABSOLUTE
    _printf_u                                0x00000000   Number         0  stubs.o ABSOLUTE
    _printf_wc                               0x00000000   Number         0  stubs.o ABSOLUTE
    _printf_wctomb                           0x00000000   Number         0  stubs.o ABSOLUTE
    _printf_widthprec                        0x00000000   Number         0  stubs.o ABSOLUTE
    _printf_x                                0x00000000   Number         0  stubs.o ABSOLUTE
    __cpp_initialize__aeabi_                  - Undefined Weak Reference
    __cxa_finalize                            - Undefined Weak Reference
    __decompress                              - Undefined Weak Reference
    _clock_init                               - Undefined Weak Reference
    _microlib_exit                            - Undefined Weak Reference
    __Vectors_Size                           0x00000130   Number         0  startup_stm32f10x_hd.o ABSOLUTE
    __Vectors                                0x08000000   Data           4  startup_stm32f10x_hd.o(RESET)
    __Vectors_End                            0x08000130   Data           0  startup_stm32f10x_hd.o(RESET)
    __main                                   0x08000131   Thumb Code     0  entry.o(.ARM.Collect$$$$00000000)
    _main_stk                                0x08000131   Thumb Code     0  entry2.o(.ARM.Collect$$$$00000001)
    _main_scatterload                        0x08000135   Thumb Code     0  entry5.o(.ARM.Collect$$$$00000004)
    __main_after_scatterload                 0x08000139   Thumb Code     0  entry5.o(.ARM.Collect$$$$00000004)
    _main_clock                              0x08000139   Thumb Code     0  entry7b.o(.ARM.Collect$$$$00000008)
    _main_cpp_init                           0x08000139   Thumb Code     0  entry8b.o(.ARM.Collect$$$$0000000A)
    _main_init                               0x08000139   Thumb Code     0  entry9a.o(.ARM.Collect$$$$0000000B)
    __rt_final_cpp                           0x08000141   Thumb Code     0  entry10a.o(.ARM.Collect$$$$0000000D)
    __rt_final_exit                          0x08000141   Thumb Code     0  entry11a.o(.ARM.Collect$$$$0000000F)
    Reset_Handler                            0x08000145   Thumb Code     8  startup_stm32f10x_hd.o(.text)
    ADC1_2_IRQHandler                        0x0800015f   Thumb Code     0  startup_stm32f10x_hd.o(.text)
    ADC3_IRQHandler                          0x0800015f   Thumb Code     0  startup_stm32f10x_hd.o(.text)
    CAN1_RX1_IRQHandler                      0x0800015f   Thumb Code     0  startup_stm32f10x_hd.o(.text)
    CAN1_SCE_IRQHandler                      0x0800015f   Thumb Code     0  startup_stm32f10x_hd.o(.text)
    DMA1_Channel1_IRQHandler                 0x0800015f   Thumb Code     0  startup_stm32f10x_hd.o(.text)
    DMA1_Channel2_IRQHandler                 0x0800015f   Thumb Code     0  startup_stm32f10x_hd.o(.text)
    DMA1_Channel3_IRQHandler                 0x0800015f   Thumb Code     0  startup_stm32f10x_hd.o(.text)
    DMA1_Channel4_IRQHandler                 0x0800015f   Thumb Code     0  startup_stm32f10x_hd.o(.text)
    DMA1_Channel5_IRQHandler                 0x0800015f   Thumb Code     0  startup_stm32f10x_hd.o(.text)
    DMA1_Channel6_IRQHandler                 0x0800015f   Thumb Code     0  startup_stm32f10x_hd.o(.text)
    DMA1_Channel7_IRQHandler                 0x0800015f   Thumb Code     0  startup_stm32f10x_hd.o(.text)
    DMA2_Channel1_IRQHandler                 0x0800015f   Thumb Code     0  startup_stm32f10x_hd.o(.text)
    DMA2_Channel2_IRQHandler                 0x0800015f   Thumb Code     0  startup_stm32f10x_hd.o(.text)
    DMA2_Channel3_IRQHandler                 0x0800015f   Thumb Code     0  startup_stm32f10x_hd.o(.text)
    DMA2_Channel4_5_IRQHandler               0x0800015f   Thumb Code     0  startup_stm32f10x_hd.o(.text)
    EXTI0_IRQHandler                         0x0800015f   Thumb Code     0  startup_stm32f10x_hd.o(.text)
    EXTI15_10_IRQHandler                     0x0800015f   Thumb Code     0  startup_stm32f10x_hd.o(.text)
    EXTI1_IRQHandler                         0x0800015f   Thumb Code     0  startup_stm32f10x_hd.o(.text)
    EXTI2_IRQHandler                         0x0800015f   Thumb Code     0  startup_stm32f10x_hd.o(.text)
    EXTI3_IRQHandler                         0x0800015f   Thumb Code     0  startup_stm32f10x_hd.o(.text)
    EXTI4_IRQHandler                         0x0800015f   Thumb Code     0  startup_stm32f10x_hd.o(.text)
    EXTI9_5_IRQHandler                       0x0800015f   Thumb Code     0  startup_stm32f10x_hd.o(.text)
    FLASH_IRQHandler                         0x0800015f   Thumb Code     0  startup_stm32f10x_hd.o(.text)
    FSMC_IRQHandler                          0x0800015f   Thumb Code     0  startup_stm32f10x_hd.o(.text)
    I2C1_ER_IRQHandler                       0x0800015f   Thumb Code     0  startup_stm32f10x_hd.o(.text)
    I2C1_EV_IRQHandler                       0x0800015f   Thumb Code     0  startup_stm32f10x_hd.o(.text)
    I2C2_ER_IRQHandler                       0x0800015f   Thumb Code     0  startup_stm32f10x_hd.o(.text)
    I2C2_EV_IRQHandler                       0x0800015f   Thumb Code     0  startup_stm32f10x_hd.o(.text)
    PVD_IRQHandler                           0x0800015f   Thumb Code     0  startup_stm32f10x_hd.o(.text)
    RCC_IRQHandler                           0x0800015f   Thumb Code     0  startup_stm32f10x_hd.o(.text)
    RTCAlarm_IRQHandler                      0x0800015f   Thumb Code     0  startup_stm32f10x_hd.o(.text)
    RTC_IRQHandler                           0x0800015f   Thumb Code     0  startup_stm32f10x_hd.o(.text)
    SDIO_IRQHandler                          0x0800015f   Thumb Code     0  startup_stm32f10x_hd.o(.text)
    SPI1_IRQHandler                          0x0800015f   Thumb Code     0  startup_stm32f10x_hd.o(.text)
    SPI2_IRQHandler                          0x0800015f   Thumb Code     0  startup_stm32f10x_hd.o(.text)
    SPI3_IRQHandler                          0x0800015f   Thumb Code     0  startup_stm32f10x_hd.o(.text)
    TAMPER_IRQHandler                        0x0800015f   Thumb Code     0  startup_stm32f10x_hd.o(.text)
    TIM1_BRK_IRQHandler                      0x0800015f   Thumb Code     0  startup_stm32f10x_hd.o(.text)
    TIM1_CC_IRQHandler                       0x0800015f   Thumb Code     0  startup_stm32f10x_hd.o(.text)
    TIM1_TRG_COM_IRQHandler                  0x0800015f   Thumb Code     0  startup_stm32f10x_hd.o(.text)
    TIM1_UP_IRQHandler                       0x0800015f   Thumb Code     0  startup_stm32f10x_hd.o(.text)
    TIM4_IRQHandler                          0x0800015f   Thumb Code     0  startup_stm32f10x_hd.o(.text)
    TIM5_IRQHandler                          0x0800015f   Thumb Code     0  startup_stm32f10x_hd.o(.text)
    TIM6_IRQHandler                          0x0800015f   Thumb Code     0  startup_stm32f10x_hd.o(.text)
    TIM7_IRQHandler                          0x0800015f   Thumb Code     0  startup_stm32f10x_hd.o(.text)
    TIM8_BRK_IRQHandler                      0x0800015f   Thumb Code     0  startup_stm32f10x_hd.o(.text)
    TIM8_CC_IRQHandler                       0x0800015f   Thumb Code     0  startup_stm32f10x_hd.o(.text)
    TIM8_TRG_COM_IRQHandler                  0x0800015f   Thumb Code     0  startup_stm32f10x_hd.o(.text)
    TIM8_UP_IRQHandler                       0x0800015f   Thumb Code     0  startup_stm32f10x_hd.o(.text)
    UART4_IRQHandler                         0x0800015f   Thumb Code     0  startup_stm32f10x_hd.o(.text)
    UART5_IRQHandler                         0x0800015f   Thumb Code     0  startup_stm32f10x_hd.o(.text)
    USBWakeUp_IRQHandler                     0x0800015f   Thumb Code     0  startup_stm32f10x_hd.o(.text)
    USB_HP_CAN1_TX_IRQHandler                0x0800015f   Thumb Code     0  startup_stm32f10x_hd.o(.text)
    USB_LP_CAN1_RX0_IRQHandler               0x0800015f   Thumb Code     0  startup_stm32f10x_hd.o(.text)
    WWDG_IRQHandler                          0x0800015f   Thumb Code     0  startup_stm32f10x_hd.o(.text)
    __aeabi_fdiv                             0x08000169   Thumb Code   128  fdiv.o(.text)
    __aeabi_dadd                             0x080001e9   Thumb Code   322  dadd.o(.text)
    __aeabi_dsub                             0x0800032b   Thumb Code     6  dadd.o(.text)
    __aeabi_drsub                            0x08000331   Thumb Code     6  dadd.o(.text)
    __aeabi_dmul                             0x08000337   Thumb Code   228  dmul.o(.text)
    __aeabi_ddiv                             0x0800041b   Thumb Code   222  ddiv.o(.text)
    __aeabi_ui2f                             0x080004f9   Thumb Code    10  ffltui.o(.text)
    __aeabi_ui2d                             0x08000503   Thumb Code    26  dfltui.o(.text)
    __aeabi_f2d                              0x0800051d   Thumb Code    38  f2d.o(.text)
    __aeabi_cdrcmple                         0x08000545   Thumb Code    38  cdrcmple.o(.text)
    __aeabi_d2f                              0x0800056d   Thumb Code    56  d2f.o(.text)
    __aeabi_uidiv                            0x080005a5   Thumb Code     0  uidiv.o(.text)
    __aeabi_uidivmod                         0x080005a5   Thumb Code    44  uidiv.o(.text)
    __aeabi_uldivmod                         0x080005d1   Thumb Code    98  uldiv.o(.text)
    __aeabi_llsl                             0x08000633   Thumb Code    30  llshl.o(.text)
    _ll_shift_l                              0x08000633   Thumb Code     0  llshl.o(.text)
    __aeabi_llsr                             0x08000651   Thumb Code    32  llushr.o(.text)
    _ll_ushift_r                             0x08000651   Thumb Code     0  llushr.o(.text)
    __aeabi_lasr                             0x08000671   Thumb Code    36  llsshr.o(.text)
    _ll_sshift_r                             0x08000671   Thumb Code     0  llsshr.o(.text)
    __I$use$fp                               0x08000695   Thumb Code     0  iusefp.o(.text)
    _float_round                             0x08000695   Thumb Code    18  fepilogue.o(.text)
    _float_epilogue                          0x080006a7   Thumb Code    90  fepilogue.o(.text)
    _double_round                            0x08000701   Thumb Code    26  depilogue.o(.text)
    _double_epilogue                         0x0800071b   Thumb Code   164  depilogue.o(.text)
    __aeabi_d2ulz                            0x080007bf   Thumb Code    48  dfixul.o(.text)
    __scatterload                            0x080007f1   Thumb Code    28  init.o(.text)
    __scatterload_rt2                        0x080007f1   Thumb Code     0  init.o(.text)
    ADC1_DMA1_Config                         0x08000815   Thumb Code    66  sensors_adc.o(i.ADC1_DMA1_Config)
    ADC1_GPIO_Config                         0x08000865   Thumb Code    62  sensors_adc.o(i.ADC1_GPIO_Config)
    ADC1_Init_All                            0x080008ad   Thumb Code    32  sensors_adc.o(i.ADC1_Init_All)
    ADC1_Mode_Config                         0x080008d5   Thumb Code   148  sensors_adc.o(i.ADC1_Mode_Config)
    ADC1_value_filter                        0x0800096d   Thumb Code   448  sensors.o(i.ADC1_value_filter)
    ADC_Cmd                                  0x08000bc9   Thumb Code    22  stm32f10x_adc.o(i.ADC_Cmd)
    ADC_DMACmd                               0x08000bdf   Thumb Code    22  stm32f10x_adc.o(i.ADC_DMACmd)
    ADC_DeInit                               0x08000bf5   Thumb Code    78  stm32f10x_adc.o(i.ADC_DeInit)
    ADC_GetCalibrationStatus                 0x08000c51   Thumb Code    20  stm32f10x_adc.o(i.ADC_GetCalibrationStatus)
    ADC_GetResetCalibrationStatus            0x08000c65   Thumb Code    20  stm32f10x_adc.o(i.ADC_GetResetCalibrationStatus)
    ADC_Init                                 0x08000c79   Thumb Code    70  stm32f10x_adc.o(i.ADC_Init)
    ADC_RegularChannelConfig                 0x08000cc9   Thumb Code   184  stm32f10x_adc.o(i.ADC_RegularChannelConfig)
    ADC_ResetCalibration                     0x08000d81   Thumb Code    10  stm32f10x_adc.o(i.ADC_ResetCalibration)
    ADC_SoftwareStartConvCmd                 0x08000d8b   Thumb Code    22  stm32f10x_adc.o(i.ADC_SoftwareStartConvCmd)
    ADC_StartCalibration                     0x08000da1   Thumb Code    10  stm32f10x_adc.o(i.ADC_StartCalibration)
    BusFault_Handler                         0x08000dab   Thumb Code     4  stm32f10x_it.o(i.BusFault_Handler)
    CO2_NVIC_config                          0x08000daf   Thumb Code    34  sensors_uart.o(i.CO2_NVIC_config)
    CO2_RCC_config                           0x08000dd1   Thumb Code    20  sensors_uart.o(i.CO2_RCC_config)
    CO2_atuo_config                          0x08000de5   Thumb Code    20  sensors_uart.o(i.CO2_atuo_config)
    CO2_gpio_config                          0x08000dfd   Thumb Code    54  sensors_uart.o(i.CO2_gpio_config)
    CO2_setr_config                          0x08000e39   Thumb Code    14  sensors_uart.o(i.CO2_setr_config)
    CO2_usart3_checkSum                      0x08000e4d   Thumb Code    32  sensors_uart.o(i.CO2_usart3_checkSum)
    CO2_usart3_cmd                           0x08000e6d   Thumb Code   142  sensors_uart.o(i.CO2_usart3_cmd)
    CO2_usart3_config                        0x08000f01   Thumb Code    68  sensors_uart.o(i.CO2_usart3_config)
    CO2_usart3_init                          0x08000f49   Thumb Code    30  sensors_uart.o(i.CO2_usart3_init)
    CO2_usart3_send                          0x08000f6d   Thumb Code   156  sensors_uart.o(i.CO2_usart3_send)
    CO2_zero_config                          0x08001011   Thumb Code     8  sensors_uart.o(i.CO2_zero_config)
    DMA_Cmd                                  0x0800101d   Thumb Code    24  stm32f10x_dma.o(i.DMA_Cmd)
    DMA_DeInit                               0x08001035   Thumb Code   324  stm32f10x_dma.o(i.DMA_DeInit)
    DMA_GetCurrDataCounter                   0x08001181   Thumb Code     8  stm32f10x_dma.o(i.DMA_GetCurrDataCounter)
    DMA_Init                                 0x08001189   Thumb Code    60  stm32f10x_dma.o(i.DMA_Init)
    DMA_SetCurrDataCounter                   0x080011c5   Thumb Code     4  stm32f10x_dma.o(i.DMA_SetCurrDataCounter)
    DebugMon_Handler                         0x080011c9   Thumb Code     2  stm32f10x_it.o(i.DebugMon_Handler)
    GP2Y1023_NVIC_config                     0x080011cb   Thumb Code    34  sensors_timer.o(i.GP2Y1023_NVIC_config)
    GP2Y1023_gpio_config                     0x080011ed   Thumb Code    38  sensors_timer.o(i.GP2Y1023_gpio_config)
    GP2Y1023_pwm_init                        0x08001219   Thumb Code    54  sensors_timer.o(i.GP2Y1023_pwm_init)
    GP2Y1023_timer_config                    0x08001259   Thumb Code   134  sensors_timer.o(i.GP2Y1023_timer_config)
    GPIO_Init                                0x080012e5   Thumb Code   274  stm32f10x_gpio.o(i.GPIO_Init)
    GPIO_ReadOutputDataBit                   0x080013f7   Thumb Code    18  stm32f10x_gpio.o(i.GPIO_ReadOutputDataBit)
    GPIO_ResetBits                           0x08001409   Thumb Code     4  stm32f10x_gpio.o(i.GPIO_ResetBits)
    GPIO_SetBits                             0x0800140d   Thumb Code     4  stm32f10x_gpio.o(i.GPIO_SetBits)
    GPIO_WriteBit                            0x08001411   Thumb Code    10  stm32f10x_gpio.o(i.GPIO_WriteBit)
    HardFault_Handler                        0x0800141b   Thumb Code     4  stm32f10x_it.o(i.HardFault_Handler)
    LED_Init                                 0x08001421   Thumb Code   128  led.o(i.LED_Init)
    MYDMA_Enable                             0x080014a5   Thumb Code    32  usart.o(i.MYDMA_Enable)
    MemManage_Handler                        0x080014c5   Thumb Code     4  stm32f10x_it.o(i.MemManage_Handler)
    NMI_Handler                              0x080014c9   Thumb Code     2  stm32f10x_it.o(i.NMI_Handler)
    NVIC_Configuration                       0x080014cb   Thumb Code    12  sys.o(i.NVIC_Configuration)
    NVIC_Init                                0x080014d9   Thumb Code   102  misc.o(i.NVIC_Init)
    NVIC_PriorityGroupConfig                 0x0800154d   Thumb Code    10  misc.o(i.NVIC_PriorityGroupConfig)
    PendSV_Handler                           0x08001561   Thumb Code     2  stm32f10x_it.o(i.PendSV_Handler)
    RCC_ADCCLKConfig                         0x08001565   Thumb Code    18  stm32f10x_rcc.o(i.RCC_ADCCLKConfig)
    RCC_AHBPeriphClockCmd                    0x0800157d   Thumb Code    26  stm32f10x_rcc.o(i.RCC_AHBPeriphClockCmd)
    RCC_APB1PeriphClockCmd                   0x0800159d   Thumb Code    26  stm32f10x_rcc.o(i.RCC_APB1PeriphClockCmd)
    RCC_APB1PeriphResetCmd                   0x080015bd   Thumb Code    26  stm32f10x_rcc.o(i.RCC_APB1PeriphResetCmd)
    RCC_APB2PeriphClockCmd                   0x080015dd   Thumb Code    26  stm32f10x_rcc.o(i.RCC_APB2PeriphClockCmd)
    RCC_APB2PeriphResetCmd                   0x080015fd   Thumb Code    26  stm32f10x_rcc.o(i.RCC_APB2PeriphResetCmd)
    RCC_GetClocksFreq                        0x0800161d   Thumb Code   192  stm32f10x_rcc.o(i.RCC_GetClocksFreq)
    SVC_Handler                              0x080016f1   Thumb Code     2  stm32f10x_it.o(i.SVC_Handler)
    SysTick_CLKSourceConfig                  0x080017d9   Thumb Code    40  misc.o(i.SysTick_CLKSourceConfig)
    SysTick_Handler                          0x08001801   Thumb Code     2  stm32f10x_it.o(i.SysTick_Handler)
    SystemInit                               0x08001805   Thumb Code    78  system_stm32f10x.o(i.SystemInit)
    TIM2_IRQHandler                          0x0800197d   Thumb Code   186  timer.o(i.TIM2_IRQHandler)
    TIM2_Init                                0x08001a41   Thumb Code   100  timer.o(i.TIM2_Init)
    TIM3_IRQHandler                          0x08001aa5   Thumb Code    90  sensors_timer.o(i.TIM3_IRQHandler)
    TIM_ClearITPendingBit                    0x08001b09   Thumb Code     6  stm32f10x_tim.o(i.TIM_ClearITPendingBit)
    TIM_Cmd                                  0x08001b0f   Thumb Code    24  stm32f10x_tim.o(i.TIM_Cmd)
    TIM_DeInit                               0x08001b29   Thumb Code   424  stm32f10x_tim.o(i.TIM_DeInit)
    TIM_GetCapture1                          0x08001d11   Thumb Code     6  stm32f10x_tim.o(i.TIM_GetCapture1)
    TIM_GetCapture2                          0x08001d17   Thumb Code     6  stm32f10x_tim.o(i.TIM_GetCapture2)
    TIM_GetITStatus                          0x08001d1d   Thumb Code    34  stm32f10x_tim.o(i.TIM_GetITStatus)
    TIM_ITConfig                             0x08001d3f   Thumb Code    18  stm32f10x_tim.o(i.TIM_ITConfig)
    TIM_PWMIConfig                           0x08001d51   Thumb Code   124  stm32f10x_tim.o(i.TIM_PWMIConfig)
    TIM_SelectInputTrigger                   0x08001dcd   Thumb Code    18  stm32f10x_tim.o(i.TIM_SelectInputTrigger)
    TIM_SelectMasterSlaveMode                0x08001ddf   Thumb Code    18  stm32f10x_tim.o(i.TIM_SelectMasterSlaveMode)
    TIM_SelectSlaveMode                      0x08001df1   Thumb Code    18  stm32f10x_tim.o(i.TIM_SelectSlaveMode)
    TIM_SetIC1Prescaler                      0x08001e03   Thumb Code    18  stm32f10x_tim.o(i.TIM_SetIC1Prescaler)
    TIM_SetIC2Prescaler                      0x08001e15   Thumb Code    26  stm32f10x_tim.o(i.TIM_SetIC2Prescaler)
    TIM_TimeBaseInit                         0x08001e31   Thumb Code   122  stm32f10x_tim.o(i.TIM_TimeBaseInit)
    Task100ms                                0x08001ed5   Thumb Code    38  main.o(i.Task100ms)
    Task1s                                   0x08001f01   Thumb Code    80  main.o(i.Task1s)
    Task2ms                                  0x08001f59   Thumb Code    24  main.o(i.Task2ms)
    USART1_IRQHandler                        0x08001f75   Thumb Code   208  usart.o(i.USART1_IRQHandler)
    USART2_IRQHandler                        0x080020a5   Thumb Code    42  usart.o(i.USART2_IRQHandler)
    USART3_IRQHandler                        0x080020dd   Thumb Code   162  sensors_uart.o(i.USART3_IRQHandler)
    USART_ClearFlag                          0x080021a5   Thumb Code    18  stm32f10x_usart.o(i.USART_ClearFlag)
    USART_ClearITPendingBit                  0x080021b7   Thumb Code    30  stm32f10x_usart.o(i.USART_ClearITPendingBit)
    USART_Cmd                                0x080021d5   Thumb Code    24  stm32f10x_usart.o(i.USART_Cmd)
    USART_DMACmd                             0x080021ed   Thumb Code    18  stm32f10x_usart.o(i.USART_DMACmd)
    USART_DeInit                             0x08002201   Thumb Code   134  stm32f10x_usart.o(i.USART_DeInit)
    USART_GetFlagStatus                      0x0800229d   Thumb Code    26  stm32f10x_usart.o(i.USART_GetFlagStatus)
    USART_GetITStatus                        0x080022b7   Thumb Code    84  stm32f10x_usart.o(i.USART_GetITStatus)
    USART_ITConfig                           0x0800230b   Thumb Code    74  stm32f10x_usart.o(i.USART_ITConfig)
    USART_Init                               0x08002355   Thumb Code   210  stm32f10x_usart.o(i.USART_Init)
    USART_ReceiveData                        0x0800242d   Thumb Code    10  stm32f10x_usart.o(i.USART_ReceiveData)
    USART_SendData                           0x08002437   Thumb Code     8  stm32f10x_usart.o(i.USART_SendData)
    UsageFault_Handler                       0x0800243f   Thumb Code     4  stm32f10x_it.o(i.UsageFault_Handler)
    Usart2_Send                              0x08002445   Thumb Code    56  usart.o(i.Usart2_Send)
    __0printf                                0x08002481   Thumb Code    22  printfa.o(i.__0printf)
    __1printf                                0x08002481   Thumb Code     0  printfa.o(i.__0printf)
    __2printf                                0x08002481   Thumb Code     0  printfa.o(i.__0printf)
    __c89printf                              0x08002481   Thumb Code     0  printfa.o(i.__0printf)
    printf                                   0x08002481   Thumb Code     0  printfa.o(i.__0printf)
    __scatterload_copy                       0x080024a1   Thumb Code    14  handlers.o(i.__scatterload_copy)
    __scatterload_null                       0x080024af   Thumb Code     2  handlers.o(i.__scatterload_null)
    __scatterload_zeroinit                   0x080024b1   Thumb Code    14  handlers.o(i.__scatterload_zeroinit)
    delay_init                               0x08002d65   Thumb Code    50  delay.o(i.delay_init)
    fputc                                    0x08002da9   Thumb Code    22  usart.o(i.fputc)
    get_sspbuf                               0x08002dc5   Thumb Code    84  usart.o(i.get_sspbuf)
    main                                     0x08002e21   Thumb Code    68  main.o(i.main)
    mymemset                                 0x08002e81   Thumb Code    20  malloc.o(i.mymemset)
    sensors_init_all                         0x08002e95   Thumb Code    44  sensors.o(i.sensors_init_all)
    system_init                              0x08002f19   Thumb Code     2  main.o(i.system_init)
    test_gpio_config                         0x08002f1d   Thumb Code    46  main.o(i.test_gpio_config)
    test_gpio_pwm                            0x08002f51   Thumb Code    40  main.o(i.test_gpio_pwm)
    uart1_init                               0x08002f81   Thumb Code   262  usart.o(i.uart1_init)
    uart2_init                               0x08003099   Thumb Code   152  usart.o(i.uart2_init)
    Region$$Table$$Base                      0x0800317c   Number         0  anon$$obj.o(Region$$Table)
    Region$$Table$$Limit                     0x0800319c   Number         0  anon$$obj.o(Region$$Table)
    Usart1_Rec_Cnt                           0x20000008   Data           2  usart.o(.data)
    Usart1_Send_Length                       0x2000000a   Data           2  usart.o(.data)
    Usart1_Send_Cnt                          0x2000000c   Data           2  usart.o(.data)
    Usart2_Send_Length                       0x2000000e   Data           2  usart.o(.data)
    Usart2_Send_Cnt                          0x20000010   Data           2  usart.o(.data)
    __stdout                                 0x20000014   Data           4  usart.o(.data)
    UART1Flag1_                              0x20000018   Data           1  com4004.o(.data)
    ssp_length                               0x2000001a   Data           2  com4004.o(.data)
    SYSFlag1_                                0x2000001c   Data           1  timer.o(.data)
    systime                                  0x2000001e   Data           8  timer.o(.data)
    ADC1_ConvertedValue                      0x20000026   Data           6  sensors_adc.o(.data)
    SystemCoreClock                          0x20000044   Data           4  system_stm32f10x.o(.data)
    AHBPrescTable                            0x20000048   Data          16  system_stm32f10x.o(.data)
    DMA_Rece_Buf                             0x20000058   Data        1024  usart.o(.bss)
    USART1_Send_Buf                          0x20000458   Data        1024  usart.o(.bss)
    USART2_Send_Buf                          0x20000858   Data        1024  usart.o(.bss)
    Txto4004                                 0x20000c58   Data          48  com4004.o(.bss)
    Rxfr4004                                 0x20000c88   Data         542  com4004.o(.bss)
    send_buf                                 0x20000ea6   Data         100  com4004.o(.bss)
    rev_buf                                  0x20000f0a   Data        1024  com4004.o(.bss)
    ssp_buf                                  0x2000130a   Data        1024  com4004.o(.bss)
    sensors_value                            0x20001730   Data          24  sensors.o(.bss)
    ADC1_value                               0x20001748   Data          12  sensors.o(.bss)
    GP2Y1023_value                           0x20001754   Data          16  sensors_timer.o(.bss)
    CO2_uart                                 0x20001764   Data          42  sensors_uart.o(.bss)
    __initial_sp                             0x20001b90   Data           0  startup_stm32f10x_hd.o(STACK)



==============================================================================

Memory Map of the image

  Image Entry point : 0x08000131

  Load Region LR_IROM1 (Base: 0x08000000, Size: 0x000031f4, Max: 0x00080000, ABSOLUTE)

    Execution Region ER_IROM1 (Base: 0x08000000, Size: 0x0000319c, Max: 0x00080000, ABSOLUTE)

    Base Addr    Size         Type   Attr      Idx    E Section Name        Object

    0x08000000   0x00000130   Data   RO         4244    RESET               startup_stm32f10x_hd.o
    0x08000130   0x00000000   Code   RO         4263  * .ARM.Collect$$$$00000000  mc_w.l(entry.o)
    0x08000130   0x00000004   Code   RO         4623    .ARM.Collect$$$$00000001  mc_w.l(entry2.o)
    0x08000134   0x00000004   Code   RO         4626    .ARM.Collect$$$$00000004  mc_w.l(entry5.o)
    0x08000138   0x00000000   Code   RO         4628    .ARM.Collect$$$$00000008  mc_w.l(entry7b.o)
    0x08000138   0x00000000   Code   RO         4630    .ARM.Collect$$$$0000000A  mc_w.l(entry8b.o)
    0x08000138   0x00000008   Code   RO         4631    .ARM.Collect$$$$0000000B  mc_w.l(entry9a.o)
    0x08000140   0x00000000   Code   RO         4633    .ARM.Collect$$$$0000000D  mc_w.l(entry10a.o)
    0x08000140   0x00000000   Code   RO         4635    .ARM.Collect$$$$0000000F  mc_w.l(entry11a.o)
    0x08000140   0x00000004   Code   RO         4624    .ARM.Collect$$$$00002712  mc_w.l(entry2.o)
    0x08000144   0x00000024   Code   RO         4245    .text               startup_stm32f10x_hd.o
    0x08000168   0x00000080   Code   RO         4584    .text               mf_w.l(fdiv.o)
    0x080001e8   0x0000014e   Code   RO         4586    .text               mf_w.l(dadd.o)
    0x08000336   0x000000e4   Code   RO         4588    .text               mf_w.l(dmul.o)
    0x0800041a   0x000000de   Code   RO         4590    .text               mf_w.l(ddiv.o)
    0x080004f8   0x0000000a   Code   RO         4592    .text               mf_w.l(ffltui.o)
    0x08000502   0x0000001a   Code   RO         4596    .text               mf_w.l(dfltui.o)
    0x0800051c   0x00000026   Code   RO         4600    .text               mf_w.l(f2d.o)
    0x08000542   0x00000002   PAD
    0x08000544   0x00000028   Code   RO         4604    .text               mf_w.l(cdrcmple.o)
    0x0800056c   0x00000038   Code   RO         4606    .text               mf_w.l(d2f.o)
    0x080005a4   0x0000002c   Code   RO         4648    .text               mc_w.l(uidiv.o)
    0x080005d0   0x00000062   Code   RO         4650    .text               mc_w.l(uldiv.o)
    0x08000632   0x0000001e   Code   RO         4652    .text               mc_w.l(llshl.o)
    0x08000650   0x00000020   Code   RO         4654    .text               mc_w.l(llushr.o)
    0x08000670   0x00000024   Code   RO         4656    .text               mc_w.l(llsshr.o)
    0x08000694   0x00000000   Code   RO         4667    .text               mc_w.l(iusefp.o)
    0x08000694   0x0000006c   Code   RO         4668    .text               mf_w.l(fepilogue.o)
    0x08000700   0x000000be   Code   RO         4670    .text               mf_w.l(depilogue.o)
    0x080007be   0x00000030   Code   RO         4674    .text               mf_w.l(dfixul.o)
    0x080007ee   0x00000002   PAD
    0x080007f0   0x00000024   Code   RO         4676    .text               mc_w.l(init.o)
    0x08000814   0x00000050   Code   RO          961    i.ADC1_DMA1_Config  sensors_adc.o
    0x08000864   0x00000048   Code   RO          962    i.ADC1_GPIO_Config  sensors_adc.o
    0x080008ac   0x00000028   Code   RO          963    i.ADC1_Init_All     sensors_adc.o
    0x080008d4   0x00000098   Code   RO          964    i.ADC1_Mode_Config  sensors_adc.o
    0x0800096c   0x0000025c   Code   RO         1000    i.ADC1_value_filter  sensors.o
    0x08000bc8   0x00000016   Code   RO         1211    i.ADC_Cmd           stm32f10x_adc.o
    0x08000bde   0x00000016   Code   RO         1212    i.ADC_DMACmd        stm32f10x_adc.o
    0x08000bf4   0x0000005c   Code   RO         1213    i.ADC_DeInit        stm32f10x_adc.o
    0x08000c50   0x00000014   Code   RO         1219    i.ADC_GetCalibrationStatus  stm32f10x_adc.o
    0x08000c64   0x00000014   Code   RO         1225    i.ADC_GetResetCalibrationStatus  stm32f10x_adc.o
    0x08000c78   0x00000050   Code   RO         1229    i.ADC_Init          stm32f10x_adc.o
    0x08000cc8   0x000000b8   Code   RO         1233    i.ADC_RegularChannelConfig  stm32f10x_adc.o
    0x08000d80   0x0000000a   Code   RO         1234    i.ADC_ResetCalibration  stm32f10x_adc.o
    0x08000d8a   0x00000016   Code   RO         1236    i.ADC_SoftwareStartConvCmd  stm32f10x_adc.o
    0x08000da0   0x0000000a   Code   RO         1238    i.ADC_StartCalibration  stm32f10x_adc.o
    0x08000daa   0x00000004   Code   RO          227    i.BusFault_Handler  stm32f10x_it.o
    0x08000dae   0x00000022   Code   RO         1068    i.CO2_NVIC_config   sensors_uart.o
    0x08000dd0   0x00000014   Code   RO         1069    i.CO2_RCC_config    sensors_uart.o
    0x08000de4   0x00000018   Code   RO         1071    i.CO2_atuo_config   sensors_uart.o
    0x08000dfc   0x0000003c   Code   RO         1072    i.CO2_gpio_config   sensors_uart.o
    0x08000e38   0x00000014   Code   RO         1073    i.CO2_setr_config   sensors_uart.o
    0x08000e4c   0x00000020   Code   RO         1074    i.CO2_usart3_checkSum  sensors_uart.o
    0x08000e6c   0x00000094   Code   RO         1075    i.CO2_usart3_cmd    sensors_uart.o
    0x08000f00   0x00000048   Code   RO         1076    i.CO2_usart3_config  sensors_uart.o
    0x08000f48   0x00000024   Code   RO         1077    i.CO2_usart3_init   sensors_uart.o
    0x08000f6c   0x000000a4   Code   RO         1078    i.CO2_usart3_send   sensors_uart.o
    0x08001010   0x0000000c   Code   RO         1080    i.CO2_zero_config   sensors_uart.o
    0x0800101c   0x00000018   Code   RO         1917    i.DMA_Cmd           stm32f10x_dma.o
    0x08001034   0x0000014c   Code   RO         1918    i.DMA_DeInit        stm32f10x_dma.o
    0x08001180   0x00000008   Code   RO         1919    i.DMA_GetCurrDataCounter  stm32f10x_dma.o
    0x08001188   0x0000003c   Code   RO         1923    i.DMA_Init          stm32f10x_dma.o
    0x080011c4   0x00000004   Code   RO         1924    i.DMA_SetCurrDataCounter  stm32f10x_dma.o
    0x080011c8   0x00000002   Code   RO          228    i.DebugMon_Handler  stm32f10x_it.o
    0x080011ca   0x00000022   Code   RO         1025    i.GP2Y1023_NVIC_config  sensors_timer.o
    0x080011ec   0x0000002c   Code   RO         1026    i.GP2Y1023_gpio_config  sensors_timer.o
    0x08001218   0x00000040   Code   RO         1027    i.GP2Y1023_pwm_init  sensors_timer.o
    0x08001258   0x0000008c   Code   RO         1028    i.GP2Y1023_timer_config  sensors_timer.o
    0x080012e4   0x00000112   Code   RO         2350    i.GPIO_Init         stm32f10x_gpio.o
    0x080013f6   0x00000012   Code   RO         2356    i.GPIO_ReadOutputDataBit  stm32f10x_gpio.o
    0x08001408   0x00000004   Code   RO         2357    i.GPIO_ResetBits    stm32f10x_gpio.o
    0x0800140c   0x00000004   Code   RO         2358    i.GPIO_SetBits      stm32f10x_gpio.o
    0x08001410   0x0000000a   Code   RO         2361    i.GPIO_WriteBit     stm32f10x_gpio.o
    0x0800141a   0x00000004   Code   RO          229    i.HardFault_Handler  stm32f10x_it.o
    0x0800141e   0x00000002   PAD
    0x08001420   0x00000084   Code   RO          132    i.LED_Init          led.o
    0x080014a4   0x00000020   Code   RO          302    i.MYDMA_Enable      usart.o
    0x080014c4   0x00000004   Code   RO          230    i.MemManage_Handler  stm32f10x_it.o
    0x080014c8   0x00000002   Code   RO          231    i.NMI_Handler       stm32f10x_it.o
    0x080014ca   0x0000000c   Code   RO          290    i.NVIC_Configuration  sys.o
    0x080014d6   0x00000002   PAD
    0x080014d8   0x00000074   Code   RO         1169    i.NVIC_Init         misc.o
    0x0800154c   0x00000014   Code   RO         1170    i.NVIC_PriorityGroupConfig  misc.o
    0x08001560   0x00000002   Code   RO          232    i.PendSV_Handler    stm32f10x_it.o
    0x08001562   0x00000002   PAD
    0x08001564   0x00000018   Code   RO         2773    i.RCC_ADCCLKConfig  stm32f10x_rcc.o
    0x0800157c   0x00000020   Code   RO         2774    i.RCC_AHBPeriphClockCmd  stm32f10x_rcc.o
    0x0800159c   0x00000020   Code   RO         2775    i.RCC_APB1PeriphClockCmd  stm32f10x_rcc.o
    0x080015bc   0x00000020   Code   RO         2776    i.RCC_APB1PeriphResetCmd  stm32f10x_rcc.o
    0x080015dc   0x00000020   Code   RO         2777    i.RCC_APB2PeriphClockCmd  stm32f10x_rcc.o
    0x080015fc   0x00000020   Code   RO         2778    i.RCC_APB2PeriphResetCmd  stm32f10x_rcc.o
    0x0800161c   0x000000d4   Code   RO         2785    i.RCC_GetClocksFreq  stm32f10x_rcc.o
    0x080016f0   0x00000002   Code   RO          233    i.SVC_Handler       stm32f10x_it.o
    0x080016f2   0x00000008   Code   RO         4198    i.SetSysClock       system_stm32f10x.o
    0x080016fa   0x00000002   PAD
    0x080016fc   0x000000dc   Code   RO         4199    i.SetSysClockTo72   system_stm32f10x.o
    0x080017d8   0x00000028   Code   RO         1173    i.SysTick_CLKSourceConfig  misc.o
    0x08001800   0x00000002   Code   RO          234    i.SysTick_Handler   stm32f10x_it.o
    0x08001802   0x00000002   PAD
    0x08001804   0x00000060   Code   RO         4201    i.SystemInit        system_stm32f10x.o
    0x08001864   0x00000080   Code   RO         3402    i.TI1_Config        stm32f10x_tim.o
    0x080018e4   0x00000098   Code   RO         3403    i.TI2_Config        stm32f10x_tim.o
    0x0800197c   0x000000c4   Code   RO          937    i.TIM2_IRQHandler   timer.o
    0x08001a40   0x00000064   Code   RO          938    i.TIM2_Init         timer.o
    0x08001aa4   0x00000064   Code   RO         1029    i.TIM3_IRQHandler   sensors_timer.o
    0x08001b08   0x00000006   Code   RO         3413    i.TIM_ClearITPendingBit  stm32f10x_tim.o
    0x08001b0e   0x00000018   Code   RO         3418    i.TIM_Cmd           stm32f10x_tim.o
    0x08001b26   0x00000002   PAD
    0x08001b28   0x000001e8   Code   RO         3423    i.TIM_DeInit        stm32f10x_tim.o
    0x08001d10   0x00000006   Code   RO         3433    i.TIM_GetCapture1   stm32f10x_tim.o
    0x08001d16   0x00000006   Code   RO         3434    i.TIM_GetCapture2   stm32f10x_tim.o
    0x08001d1c   0x00000022   Code   RO         3439    i.TIM_GetITStatus   stm32f10x_tim.o
    0x08001d3e   0x00000012   Code   RO         3443    i.TIM_ITConfig      stm32f10x_tim.o
    0x08001d50   0x0000007c   Code   RO         3466    i.TIM_PWMIConfig    stm32f10x_tim.o
    0x08001dcc   0x00000012   Code   RO         3471    i.TIM_SelectInputTrigger  stm32f10x_tim.o
    0x08001dde   0x00000012   Code   RO         3472    i.TIM_SelectMasterSlaveMode  stm32f10x_tim.o
    0x08001df0   0x00000012   Code   RO         3476    i.TIM_SelectSlaveMode  stm32f10x_tim.o
    0x08001e02   0x00000012   Code   RO         3484    i.TIM_SetIC1Prescaler  stm32f10x_tim.o
    0x08001e14   0x0000001a   Code   RO         3485    i.TIM_SetIC2Prescaler  stm32f10x_tim.o
    0x08001e2e   0x00000002   PAD
    0x08001e30   0x000000a4   Code   RO         3489    i.TIM_TimeBaseInit  stm32f10x_tim.o
    0x08001ed4   0x0000002c   Code   RO          147    i.Task100ms         main.o
    0x08001f00   0x00000058   Code   RO          148    i.Task1s            main.o
    0x08001f58   0x0000001c   Code   RO          149    i.Task2ms           main.o
    0x08001f74   0x00000130   Code   RO          303    i.USART1_IRQHandler  usart.o
    0x080020a4   0x00000038   Code   RO          304    i.USART2_IRQHandler  usart.o
    0x080020dc   0x000000c8   Code   RO         1081    i.USART3_IRQHandler  sensors_uart.o
    0x080021a4   0x00000012   Code   RO         3950    i.USART_ClearFlag   stm32f10x_usart.o
    0x080021b6   0x0000001e   Code   RO         3951    i.USART_ClearITPendingBit  stm32f10x_usart.o
    0x080021d4   0x00000018   Code   RO         3954    i.USART_Cmd         stm32f10x_usart.o
    0x080021ec   0x00000012   Code   RO         3955    i.USART_DMACmd      stm32f10x_usart.o
    0x080021fe   0x00000002   PAD
    0x08002200   0x0000009c   Code   RO         3956    i.USART_DeInit      stm32f10x_usart.o
    0x0800229c   0x0000001a   Code   RO         3957    i.USART_GetFlagStatus  stm32f10x_usart.o
    0x080022b6   0x00000054   Code   RO         3958    i.USART_GetITStatus  stm32f10x_usart.o
    0x0800230a   0x0000004a   Code   RO         3960    i.USART_ITConfig    stm32f10x_usart.o
    0x08002354   0x000000d8   Code   RO         3961    i.USART_Init        stm32f10x_usart.o
    0x0800242c   0x0000000a   Code   RO         3968    i.USART_ReceiveData  stm32f10x_usart.o
    0x08002436   0x00000008   Code   RO         3971    i.USART_SendData    stm32f10x_usart.o
    0x0800243e   0x00000004   Code   RO          235    i.UsageFault_Handler  stm32f10x_it.o
    0x08002442   0x00000002   PAD
    0x08002444   0x0000003c   Code   RO          306    i.Usart2_Send       usart.o
    0x08002480   0x00000020   Code   RO         4528    i.__0printf         mc_w.l(printfa.o)
    0x080024a0   0x0000000e   Code   RO         4684    i.__scatterload_copy  mc_w.l(handlers.o)
    0x080024ae   0x00000002   Code   RO         4685    i.__scatterload_null  mc_w.l(handlers.o)
    0x080024b0   0x0000000e   Code   RO         4686    i.__scatterload_zeroinit  mc_w.l(handlers.o)
    0x080024be   0x00000002   PAD
    0x080024c0   0x0000015c   Code   RO         4535    i._fp_digits        mc_w.l(printfa.o)
    0x0800261c   0x000006f0   Code   RO         4536    i._printf_core      mc_w.l(printfa.o)
    0x08002d0c   0x00000026   Code   RO         4537    i._printf_post_padding  mc_w.l(printfa.o)
    0x08002d32   0x00000030   Code   RO         4538    i._printf_pre_padding  mc_w.l(printfa.o)
    0x08002d62   0x00000002   PAD
    0x08002d64   0x00000044   Code   RO            1    i.delay_init        delay.o
    0x08002da8   0x0000001c   Code   RO          309    i.fputc             usart.o
    0x08002dc4   0x0000005c   Code   RO          310    i.get_sspbuf        usart.o
    0x08002e20   0x00000060   Code   RO          152    i.main              main.o
    0x08002e80   0x00000014   Code   RO          731    i.mymemset          malloc.o
    0x08002e94   0x00000084   Code   RO         1001    i.sensors_init_all  sensors.o
    0x08002f18   0x00000002   Code   RO          153    i.system_init       main.o
    0x08002f1a   0x00000002   PAD
    0x08002f1c   0x00000034   Code   RO          154    i.test_gpio_config  main.o
    0x08002f50   0x00000030   Code   RO          155    i.test_gpio_pwm     main.o
    0x08002f80   0x00000118   Code   RO          311    i.uart1_init        usart.o
    0x08003098   0x000000a0   Code   RO          312    i.uart2_init        usart.o
    0x08003138   0x00000041   Data   RO         1031    .constdata          sensors_timer.o
    0x08003179   0x00000003   PAD
    0x0800317c   0x00000020   Data   RO         4682    Region$$Table       anon$$obj.o


    Execution Region RW_IRAM1 (Base: 0x20000000, Size: 0x00001b90, Max: 0x00010000, ABSOLUTE)

    Base Addr    Size         Type   Attr      Idx    E Section Name        Object

    0x20000000   0x00000004   Data   RW            4    .data               delay.o
    0x20000004   0x00000004   Data   RW          156    .data               main.o
    0x20000008   0x00000010   Data   RW          314    .data               usart.o
    0x20000018   0x00000004   Data   RW          827    .data               com4004.o
    0x2000001c   0x0000000a   Data   RW          939    .data               timer.o
    0x20000026   0x00000006   Data   RW          965    .data               sensors_adc.o
    0x2000002c   0x00000004   Data   RW         1003    .data               sensors.o
    0x20000030   0x00000014   Data   RW         2805    .data               stm32f10x_rcc.o
    0x20000044   0x00000014   Data   RW         4202    .data               system_stm32f10x.o
    0x20000058   0x00000c00   Zero   RW          313    .bss                usart.o
    0x20000c58   0x00000ab2   Zero   RW          824    .bss                com4004.o
    0x2000170a   0x00000002   PAD
    0x2000170c   0x00000048   Zero   RW         1002    .bss                sensors.o
    0x20001754   0x00000010   Zero   RW         1030    .bss                sensors_timer.o
    0x20001764   0x0000002a   Zero   RW         1082    .bss                sensors_uart.o
    0x2000178e   0x00000002   PAD
    0x20001790   0x00000400   Zero   RW         4242    STACK               startup_stm32f10x_hd.o


==============================================================================

Image component sizes


      Code (inc. data)   RO Data    RW Data    ZI Data      Debug   Object Name

         0          0          0          4       2738       2068   com4004.o
         0          0          0          0          0         32   core_cm3.o
        68         18          0          4          0     262773   delay.o
       132          4          0          0          0        443   led.o
       358         60          0          4          0       2695   main.o
        20          0          0          0          0     205483   malloc.o
       176         24          0          0          0       1661   misc.o
       736        244          0          4         72       2114   sensors.o
       344         36          0          6          0      11411   sensors_adc.o
       382         32         65          0         16       2917   sensors_timer.o
       822         88          0          0         42       6577   sensors_uart.o
        36          8        304          0       1024        744   startup_stm32f10x_hd.o
       482         24          0          0          0      15806   stm32f10x_adc.o
       428          8          0          0          0       3940   stm32f10x_dma.o
       310          0          0          0          0       3629   stm32f10x_gpio.o
        26          0          0          0          0       3270   stm32f10x_it.o
       396         56          0         20          0       5807   stm32f10x_rcc.o
      1248        148          0          0          0       8767   stm32f10x_tim.o
       664         28          0          0          0       7331   stm32f10x_usart.o
        12          0          0          0          0        377   sys.o
       324         26          0         20          0       1857   system_stm32f10x.o
       296         10          0         10          0       1570   timer.o
      1012        154          0         16       3072       6180   usart.o

    ----------------------------------------------------------------------
      8292        968        404         88       6968     557452   Object Totals
         0          0         32          0          0          0   (incl. Generated)
        20          0          3          0          4          0   (incl. Padding)

    ----------------------------------------------------------------------

      Code (inc. data)   RO Data    RW Data    ZI Data      Debug   Library Member Name

         0          0          0          0          0          0   entry.o
         0          0          0          0          0          0   entry10a.o
         0          0          0          0          0          0   entry11a.o
         8          4          0          0          0          0   entry2.o
         4          0          0          0          0          0   entry5.o
         0          0          0          0          0          0   entry7b.o
         0          0          0          0          0          0   entry8b.o
         8          4          0          0          0          0   entry9a.o
        30          0          0          0          0          0   handlers.o
        36          8          0          0          0         68   init.o
         0          0          0          0          0          0   iusefp.o
        30          0          0          0          0         68   llshl.o
        36          0          0          0          0         68   llsshr.o
        32          0          0          0          0         68   llushr.o
      2242         90          0          0          0        444   printfa.o
        44          0          0          0          0         80   uidiv.o
        98          0          0          0          0         92   uldiv.o
        40          2          0          0          0         68   cdrcmple.o
        56          0          0          0          0         88   d2f.o
       334          0          0          0          0        148   dadd.o
       222          0          0          0          0        100   ddiv.o
       190          0          0          0          0        176   depilogue.o
        48          0          0          0          0         68   dfixul.o
        26          0          0          0          0         76   dfltui.o
       228          0          0          0          0         96   dmul.o
        38          0          0          0          0         68   f2d.o
       128          0          0          0          0         88   fdiv.o
       108          0          0          0          0        168   fepilogue.o
        10          0          0          0          0         68   ffltui.o

    ----------------------------------------------------------------------
      4004        108          0          0          0       2100   Library Totals
         8          0          0          0          0          0   (incl. Padding)

    ----------------------------------------------------------------------

      Code (inc. data)   RO Data    RW Data    ZI Data      Debug   Library Name

      2568        106          0          0          0        888   mc_w.l
      1428          2          0          0          0       1212   mf_w.l

    ----------------------------------------------------------------------
      4004        108          0          0          0       2100   Library Totals

    ----------------------------------------------------------------------

==============================================================================


      Code (inc. data)   RO Data    RW Data    ZI Data      Debug   

     12296       1076        404         88       6968     552740   Grand Totals
     12296       1076        404         88       6968     552740   ELF Image Totals
     12296       1076        404         88          0          0   ROM Totals

==============================================================================

    Total RO  Size (Code + RO Data)                12700 (  12.40kB)
    Total RW  Size (RW Data + ZI Data)              7056 (   6.89kB)
    Total ROM Size (Code + RO Data + RW Data)      12788 (  12.49kB)

==============================================================================

